19:45:26 **** Build of project Final_bsp ****
make -k all 
"Running Make include in ps7_cortexa9_0/libsrc/coresightps_dcc_v1_4/src"
make -C ps7_cortexa9_0/libsrc/coresightps_dcc_v1_4/src -s include  "SHELL=CMD" "COMPILER=arm-none-eabi-gcc" "ARCHIVER=arm-none-eabi-ar" "COMPILER_FLAGS=  -O2 -c" "EXTRA_COMPILER_FLAGS=-mcpu=cortex-a9 -mfpu=vfpv3 -mfloat-abi=hard -nostartfiles -g -Wall -Wextra"
"Running Make include in ps7_cortexa9_0/libsrc/cpu_cortexa9_v2_7/src"
make -C ps7_cortexa9_0/libsrc/cpu_cortexa9_v2_7/src -s include  "SHELL=CMD" "COMPILER=arm-none-eabi-gcc" "ARCHIVER=arm-none-eabi-ar" "COMPILER_FLAGS=  -O2 -c" "EXTRA_COMPILER_FLAGS=-mcpu=cortex-a9 -mfpu=vfpv3 -mfloat-abi=hard -nostartfiles -g -Wall -Wextra"
"Running Make include in ps7_cortexa9_0/libsrc/ddrps_v1_0/src"
make -C ps7_cortexa9_0/libsrc/ddrps_v1_0/src -s include  "SHELL=CMD" "COMPILER=arm-none-eabi-gcc" "ARCHIVER=arm-none-eabi-ar" "COMPILER_FLAGS=  -O2 -c" "EXTRA_COMPILER_FLAGS=-mcpu=cortex-a9 -mfpu=vfpv3 -mfloat-abi=hard -nostartfiles -g -Wall -Wextra"
"Running Make include in ps7_cortexa9_0/libsrc/devcfg_v3_5/src"
make -C ps7_cortexa9_0/libsrc/devcfg_v3_5/src -s include  "SHELL=CMD" "COMPILER=arm-none-eabi-gcc" "ARCHIVER=arm-none-eabi-ar" "COMPILER_FLAGS=  -O2 -c" "EXTRA_COMPILER_FLAGS=-mcpu=cortex-a9 -mfpu=vfpv3 -mfloat-abi=hard -nostartfiles -g -Wall -Wextra"
"Running Make include in ps7_cortexa9_0/libsrc/dmaps_v2_4/src"
make -C ps7_cortexa9_0/libsrc/dmaps_v2_4/src -s include  "SHELL=CMD" "COMPILER=arm-none-eabi-gcc" "ARCHIVER=arm-none-eabi-ar" "COMPILER_FLAGS=  -O2 -c" "EXTRA_COMPILER_FLAGS=-mcpu=cortex-a9 -mfpu=vfpv3 -mfloat-abi=hard -nostartfiles -g -Wall -Wextra"
"Running Make include in ps7_cortexa9_0/libsrc/emacps_v3_8/src"
make -C ps7_cortexa9_0/libsrc/emacps_v3_8/src -s include  "SHELL=CMD" "COMPILER=arm-none-eabi-gcc" "ARCHIVER=arm-none-eabi-ar" "COMPILER_FLAGS=  -O2 -c" "EXTRA_COMPILER_FLAGS=-mcpu=cortex-a9 -mfpu=vfpv3 -mfloat-abi=hard -nostartfiles -g -Wall -Wextra"
"Running Make include in ps7_cortexa9_0/libsrc/gpio_v4_3/src"
make -C ps7_cortexa9_0/libsrc/gpio_v4_3/src -s include  "SHELL=CMD" "COMPILER=arm-none-eabi-gcc" "ARCHIVER=arm-none-eabi-ar" "COMPILER_FLAGS=  -O2 -c" "EXTRA_COMPILER_FLAGS=-mcpu=cortex-a9 -mfpu=vfpv3 -mfloat-abi=hard -nostartfiles -g -Wall -Wextra"
"Running Make include in ps7_cortexa9_0/libsrc/qspips_v3_5/src"
make -C ps7_cortexa9_0/libsrc/qspips_v3_5/src -s include  "SHELL=CMD" "COMPILER=arm-none-eabi-gcc" "ARCHIVER=arm-none-eabi-ar" "COMPILER_FLAGS=  -O2 -c" "EXTRA_COMPILER_FLAGS=-mcpu=cortex-a9 -mfpu=vfpv3 -mfloat-abi=hard -nostartfiles -g -Wall -Wextra"
"Running Make include in ps7_cortexa9_0/libsrc/scugic_v3_10/src"
make -C ps7_cortexa9_0/libsrc/scugic_v3_10/src -s include  "SHELL=CMD" "COMPILER=arm-none-eabi-gcc" "ARCHIVER=arm-none-eabi-ar" "COMPILER_FLAGS=  -O2 -c" "EXTRA_COMPILER_FLAGS=-mcpu=cortex-a9 -mfpu=vfpv3 -mfloat-abi=hard -nostartfiles -g -Wall -Wextra"
"Running Make include in ps7_cortexa9_0/libsrc/scutimer_v2_1/src"
make -C ps7_cortexa9_0/libsrc/scutimer_v2_1/src -s include  "SHELL=CMD" "COMPILER=arm-none-eabi-gcc" "ARCHIVER=arm-none-eabi-ar" "COMPILER_FLAGS=  -O2 -c" "EXTRA_COMPILER_FLAGS=-mcpu=cortex-a9 -mfpu=vfpv3 -mfloat-abi=hard -nostartfiles -g -Wall -Wextra"
"Running Make include in ps7_cortexa9_0/libsrc/scuwdt_v2_1/src"
make -C ps7_cortexa9_0/libsrc/scuwdt_v2_1/src -s include  "SHELL=CMD" "COMPILER=arm-none-eabi-gcc" "ARCHIVER=arm-none-eabi-ar" "COMPILER_FLAGS=  -O2 -c" "EXTRA_COMPILER_FLAGS=-mcpu=cortex-a9 -mfpu=vfpv3 -mfloat-abi=hard -nostartfiles -g -Wall -Wextra"
"Running Make include in ps7_cortexa9_0/libsrc/sdps_v3_6/src"
make -C ps7_cortexa9_0/libsrc/sdps_v3_6/src -s include  "SHELL=CMD" "COMPILER=arm-none-eabi-gcc" "ARCHIVER=arm-none-eabi-ar" "COMPILER_FLAGS=  -O2 -c" "EXTRA_COMPILER_FLAGS=-mcpu=cortex-a9 -mfpu=vfpv3 -mfloat-abi=hard -nostartfiles -g -Wall -Wextra"
"Running Make include in ps7_cortexa9_0/libsrc/standalone_v6_8/src"
make -C ps7_cortexa9_0/libsrc/standalone_v6_8/src -s include  "SHELL=CMD" "COMPILER=arm-none-eabi-gcc" "ARCHIVER=arm-none-eabi-ar" "COMPILER_FLAGS=  -O2 -c" "EXTRA_COMPILER_FLAGS=-mcpu=cortex-a9 -mfpu=vfpv3 -mfloat-abi=hard -nostartfiles -g -Wall -Wextra"
"Running Make include in ps7_cortexa9_0/libsrc/uartps_v3_7/src"
make -C ps7_cortexa9_0/libsrc/uartps_v3_7/src -s include  "SHELL=CMD" "COMPILER=arm-none-eabi-gcc" "ARCHIVER=arm-none-eabi-ar" "COMPILER_FLAGS=  -O2 -c" "EXTRA_COMPILER_FLAGS=-mcpu=cortex-a9 -mfpu=vfpv3 -mfloat-abi=hard -nostartfiles -g -Wall -Wextra"
"Running Make include in ps7_cortexa9_0/libsrc/usbps_v2_4/src"
make -C ps7_cortexa9_0/libsrc/usbps_v2_4/src -s include  "SHELL=CMD" "COMPILER=arm-none-eabi-gcc" "ARCHIVER=arm-none-eabi-ar" "COMPILER_FLAGS=  -O2 -c" "EXTRA_COMPILER_FLAGS=-mcpu=cortex-a9 -mfpu=vfpv3 -mfloat-abi=hard -nostartfiles -g -Wall -Wextra"
"Running Make include in ps7_cortexa9_0/libsrc/wdtps_v3_1/src"
make -C ps7_cortexa9_0/libsrc/wdtps_v3_1/src -s include  "SHELL=CMD" "COMPILER=arm-none-eabi-gcc" "ARCHIVER=arm-none-eabi-ar" "COMPILER_FLAGS=  -O2 -c" "EXTRA_COMPILER_FLAGS=-mcpu=cortex-a9 -mfpu=vfpv3 -mfloat-abi=hard -nostartfiles -g -Wall -Wextra"
"Running Make include in ps7_cortexa9_0/libsrc/xadcps_v2_3/src"
make -C ps7_cortexa9_0/libsrc/xadcps_v2_3/src -s include  "SHELL=CMD" "COMPILER=arm-none-eabi-gcc" "ARCHIVER=arm-none-eabi-ar" "COMPILER_FLAGS=  -O2 -c" "EXTRA_COMPILER_FLAGS=-mcpu=cortex-a9 -mfpu=vfpv3 -mfloat-abi=hard -nostartfiles -g -Wall -Wextra"
"Running Make libs in ps7_cortexa9_0/libsrc/coresightps_dcc_v1_4/src"
make -C ps7_cortexa9_0/libsrc/coresightps_dcc_v1_4/src -s libs  "SHELL=CMD" "COMPILER=arm-none-eabi-gcc" "ARCHIVER=arm-none-eabi-ar" "COMPILER_FLAGS=  -O2 -c" "EXTRA_COMPILER_FLAGS=-mcpu=cortex-a9 -mfpu=vfpv3 -mfloat-abi=hard -nostartfiles -g -Wall -Wextra"
"Compiling coresightps_dcc"
arm-none-eabi-ar: creating ../../../lib/libxil.a
"Running Make libs in ps7_cortexa9_0/libsrc/cpu_cortexa9_v2_7/src"
make -C ps7_cortexa9_0/libsrc/cpu_cortexa9_v2_7/src -s libs  "SHELL=CMD" "COMPILER=arm-none-eabi-gcc" "ARCHIVER=arm-none-eabi-ar" "COMPILER_FLAGS=  -O2 -c" "EXTRA_COMPILER_FLAGS=-mcpu=cortex-a9 -mfpu=vfpv3 -mfloat-abi=hard -nostartfiles -g -Wall -Wextra"
"Compiling cpu_cortexa9"
"Running Make libs in ps7_cortexa9_0/libsrc/ddrps_v1_0/src"
make -C ps7_cortexa9_0/libsrc/ddrps_v1_0/src -s libs  "SHELL=CMD" "COMPILER=arm-none-eabi-gcc" "ARCHIVER=arm-none-eabi-ar" "COMPILER_FLAGS=  -O2 -c" "EXTRA_COMPILER_FLAGS=-mcpu=cortex-a9 -mfpu=vfpv3 -mfloat-abi=hard -nostartfiles -g -Wall -Wextra"
"Compiling ddrps"
"Running Make libs in ps7_cortexa9_0/libsrc/devcfg_v3_5/src"
make -C ps7_cortexa9_0/libsrc/devcfg_v3_5/src -s libs  "SHELL=CMD" "COMPILER=arm-none-eabi-gcc" "ARCHIVER=arm-none-eabi-ar" "COMPILER_FLAGS=  -O2 -c" "EXTRA_COMPILER_FLAGS=-mcpu=cortex-a9 -mfpu=vfpv3 -mfloat-abi=hard -nostartfiles -g -Wall -Wextra"
"Compiling devcfg"
"Running Make libs in ps7_cortexa9_0/libsrc/dmaps_v2_4/src"
make -C ps7_cortexa9_0/libsrc/dmaps_v2_4/src -s libs  "SHELL=CMD" "COMPILER=arm-none-eabi-gcc" "ARCHIVER=arm-none-eabi-ar" "COMPILER_FLAGS=  -O2 -c" "EXTRA_COMPILER_FLAGS=-mcpu=cortex-a9 -mfpu=vfpv3 -mfloat-abi=hard -nostartfiles -g -Wall -Wextra"
"Compiling dmaps"
"Running Make libs in ps7_cortexa9_0/libsrc/emacps_v3_8/src"
make -C ps7_cortexa9_0/libsrc/emacps_v3_8/src -s libs  "SHELL=CMD" "COMPILER=arm-none-eabi-gcc" "ARCHIVER=arm-none-eabi-ar" "COMPILER_FLAGS=  -O2 -c" "EXTRA_COMPILER_FLAGS=-mcpu=cortex-a9 -mfpu=vfpv3 -mfloat-abi=hard -nostartfiles -g -Wall -Wextra"
"Compiling emacps"
"Running Make libs in ps7_cortexa9_0/libsrc/gpio_v4_3/src"
make -C ps7_cortexa9_0/libsrc/gpio_v4_3/src -s libs  "SHELL=CMD" "COMPILER=arm-none-eabi-gcc" "ARCHIVER=arm-none-eabi-ar" "COMPILER_FLAGS=  -O2 -c" "EXTRA_COMPILER_FLAGS=-mcpu=cortex-a9 -mfpu=vfpv3 -mfloat-abi=hard -nostartfiles -g -Wall -Wextra"
"Compiling gpio"
"Running Make libs in ps7_cortexa9_0/libsrc/qspips_v3_5/src"
make -C ps7_cortexa9_0/libsrc/qspips_v3_5/src -s libs  "SHELL=CMD" "COMPILER=arm-none-eabi-gcc" "ARCHIVER=arm-none-eabi-ar" "COMPILER_FLAGS=  -O2 -c" "EXTRA_COMPILER_FLAGS=-mcpu=cortex-a9 -mfpu=vfpv3 -mfloat-abi=hard -nostartfiles -g -Wall -Wextra"
"Compiling qspips"
"Running Make libs in ps7_cortexa9_0/libsrc/scugic_v3_10/src"
make -C ps7_cortexa9_0/libsrc/scugic_v3_10/src -s libs  "SHELL=CMD" "COMPILER=arm-none-eabi-gcc" "ARCHIVER=arm-none-eabi-ar" "COMPILER_FLAGS=  -O2 -c" "EXTRA_COMPILER_FLAGS=-mcpu=cortex-a9 -mfpu=vfpv3 -mfloat-abi=hard -nostartfiles -g -Wall -Wextra"
"Compiling scugic"
"Running Make libs in ps7_cortexa9_0/libsrc/scutimer_v2_1/src"
make -C ps7_cortexa9_0/libsrc/scutimer_v2_1/src -s libs  "SHELL=CMD" "COMPILER=arm-none-eabi-gcc" "ARCHIVER=arm-none-eabi-ar" "COMPILER_FLAGS=  -O2 -c" "EXTRA_COMPILER_FLAGS=-mcpu=cortex-a9 -mfpu=vfpv3 -mfloat-abi=hard -nostartfiles -g -Wall -Wextra"
"Compiling scutimer"
"Running Make libs in ps7_cortexa9_0/libsrc/scuwdt_v2_1/src"
make -C ps7_cortexa9_0/libsrc/scuwdt_v2_1/src -s libs  "SHELL=CMD" "COMPILER=arm-none-eabi-gcc" "ARCHIVER=arm-none-eabi-ar" "COMPILER_FLAGS=  -O2 -c" "EXTRA_COMPILER_FLAGS=-mcpu=cortex-a9 -mfpu=vfpv3 -mfloat-abi=hard -nostartfiles -g -Wall -Wextra"
"Compiling scuwdt"
"Running Make libs in ps7_cortexa9_0/libsrc/sdps_v3_6/src"
make -C ps7_cortexa9_0/libsrc/sdps_v3_6/src -s libs  "SHELL=CMD" "COMPILER=arm-none-eabi-gcc" "ARCHIVER=arm-none-eabi-ar" "COMPILER_FLAGS=  -O2 -c" "EXTRA_COMPILER_FLAGS=-mcpu=cortex-a9 -mfpu=vfpv3 -mfloat-abi=hard -nostartfiles -g -Wall -Wextra"
"Compiling sdps"
"Running Make libs in ps7_cortexa9_0/libsrc/standalone_v6_8/src"
make -C ps7_cortexa9_0/libsrc/standalone_v6_8/src -s libs  "SHELL=CMD" "COMPILER=arm-none-eabi-gcc" "ARCHIVER=arm-none-eabi-ar" "COMPILER_FLAGS=  -O2 -c" "EXTRA_COMPILER_FLAGS=-mcpu=cortex-a9 -mfpu=vfpv3 -mfloat-abi=hard -nostartfiles -g -Wall -Wextra"
"Compiling standalone"
In file included from usleep.c:56:0:
xtime_l.h:87:9: note: #pragma message: For the sleep routines, Global timer is being used
 #pragma message ("For the sleep routines, Global timer is being used")
         ^~~~~~~
In file included from xil_sleeptimer.c:51:0:
xtime_l.h:87:9: note: #pragma message: For the sleep routines, Global timer is being used
 #pragma message ("For the sleep routines, Global timer is being used")
         ^~~~~~~
In file included from xtime_l.c:49:0:
xtime_l.h:87:9: note: #pragma message: For the sleep routines, Global timer is being used
 #pragma message ("For the sleep routines, Global timer is being used")
         ^~~~~~~
In file included from sleep.c:53:0:
xtime_l.h:87:9: note: #pragma message: For the sleep routines, Global timer is being used
 #pragma message ("For the sleep routines, Global timer is being used")
         ^~~~~~~
"Running Make libs in ps7_cortexa9_0/libsrc/uartps_v3_7/src"
make -C ps7_cortexa9_0/libsrc/uartps_v3_7/src -s libs  "SHELL=CMD" "COMPILER=arm-none-eabi-gcc" "ARCHIVER=arm-none-eabi-ar" "COMPILER_FLAGS=  -O2 -c" "EXTRA_COMPILER_FLAGS=-mcpu=cortex-a9 -mfpu=vfpv3 -mfloat-abi=hard -nostartfiles -g -Wall -Wextra"
"Compiling uartps"
"Running Make libs in ps7_cortexa9_0/libsrc/usbps_v2_4/src"
make -C ps7_cortexa9_0/libsrc/usbps_v2_4/src -s libs  "SHELL=CMD" "COMPILER=arm-none-eabi-gcc" "ARCHIVER=arm-none-eabi-ar" "COMPILER_FLAGS=  -O2 -c" "EXTRA_COMPILER_FLAGS=-mcpu=cortex-a9 -mfpu=vfpv3 -mfloat-abi=hard -nostartfiles -g -Wall -Wextra"
"Compiling usbps"
"Running Make libs in ps7_cortexa9_0/libsrc/wdtps_v3_1/src"
make -C ps7_cortexa9_0/libsrc/wdtps_v3_1/src -s libs  "SHELL=CMD" "COMPILER=arm-none-eabi-gcc" "ARCHIVER=arm-none-eabi-ar" "COMPILER_FLAGS=  -O2 -c" "EXTRA_COMPILER_FLAGS=-mcpu=cortex-a9 -mfpu=vfpv3 -mfloat-abi=hard -nostartfiles -g -Wall -Wextra"
"Compiling wdtps"
"Running Make libs in ps7_cortexa9_0/libsrc/xadcps_v2_3/src"
make -C ps7_cortexa9_0/libsrc/xadcps_v2_3/src -s libs  "SHELL=CMD" "COMPILER=arm-none-eabi-gcc" "ARCHIVER=arm-none-eabi-ar" "COMPILER_FLAGS=  -O2 -c" "EXTRA_COMPILER_FLAGS=-mcpu=cortex-a9 -mfpu=vfpv3 -mfloat-abi=hard -nostartfiles -g -Wall -Wextra"
"Compiling xadcps"
'Finished building libraries'
19:45:39 **** Build of configuration Debug for project Final ****
make pre-build main-build 
a9-linaro-pre-build-step
' '
'Building file: ../src/main.cc'
'Invoking: ARM v7 g++ compiler'
arm-none-eabi-g++ -Wall -O0 -g3 -c -fmessage-length=0 -MT"src/main.o" -mcpu=cortex-a9 -mfpu=vfpv3 -mfloat-abi=hard -I../../Final_bsp/ps7_cortexa9_0/include -MMD -MP -MF"src/main.d" -MT"src/main.o" -o "src/main.o" "../src/main.cc"
'Finished building: ../src/main.cc'
' '
'Building target: Final.elf'
'Invoking: ARM v7 g++ linker'
arm-none-eabi-g++ -mcpu=cortex-a9 -mfpu=vfpv3 -mfloat-abi=hard -Wl,-build-id=none -specs=Xilinx.spec -Wl,-T -Wl,../src/lscript.ld -L../../Final_bsp/ps7_cortexa9_0/lib -o "Final.elf"  ./src/main.o   -Wl,--start-group,-lxil,-lgcc,-lc,-lstdc++,--end-group
'Finished building target: Final.elf'
' '
'Invoking: ARM v7 Print Size'
arm-none-eabi-size Final.elf  |tee "Final.elf.size"
   text	   data	    bss	    dec	    hex	filename
  19024	   1144	  22576	  42744	   a6f8	Final.elf
'Finished building: Final.elf.size'
' '
19:46:06 **** Auto Build of configuration Debug for project Final ****
make pre-build main-build 
a9-linaro-pre-build-step
' '
'Building file: ../src/main.cc'
'Invoking: ARM v7 g++ compiler'
arm-none-eabi-g++ -Wall -O0 -g3 -c -fmessage-length=0 -MT"src/main.o" -mcpu=cortex-a9 -mfpu=vfpv3 -mfloat-abi=hard -I../../Final_bsp/ps7_cortexa9_0/include -MMD -MP -MF"src/main.d" -MT"src/main.o" -o "src/main.o" "../src/main.cc"
'Finished building: ../src/main.cc'
' '
'Building target: Final.elf'
'Invoking: ARM v7 g++ linker'
arm-none-eabi-g++ -mcpu=cortex-a9 -mfpu=vfpv3 -mfloat-abi=hard -Wl,-build-id=none -specs=Xilinx.spec -Wl,-T -Wl,../src/lscript.ld -L../../Final_bsp/ps7_cortexa9_0/lib -o "Final.elf"  ./src/main.o   -Wl,--start-group,-lxil,-lgcc,-lc,-lstdc++,--end-group
'Finished building target: Final.elf'
' '
'Invoking: ARM v7 Print Size'
arm-none-eabi-size Final.elf  |tee "Final.elf.size"
   text	   data	    bss	    dec	    hex	filename
 787281	   3620	  30108	 821009	  c8711	Final.elf
'Finished building: Final.elf.size'
' '
19:46:16 **** Auto Build of configuration Debug for project Final ****
make pre-build main-build 
a9-linaro-pre-build-step
' '
'Building file: ../src/main.cc'
'Invoking: ARM v7 g++ compiler'
arm-none-eabi-g++ -Wall -O0 -g3 -c -fmessage-length=0 -MT"src/main.o" -mcpu=cortex-a9 -mfpu=vfpv3 -mfloat-abi=hard -I../../Final_bsp/ps7_cortexa9_0/include -MMD -MP -MF"src/main.d" -MT"src/main.o" -o "src/main.o" "../src/main.cc"
'Finished building: ../src/main.cc'
' '
'Building target: Final.elf'
'Invoking: ARM v7 g++ linker'
arm-none-eabi-g++ -mcpu=cortex-a9 -mfpu=vfpv3 -mfloat-abi=hard -Wl,-build-id=none -specs=Xilinx.spec -Wl,-T -Wl,../src/lscript.ld -L../../Final_bsp/ps7_cortexa9_0/lib -o "Final.elf"  ./src/main.o   -Wl,--start-group,-lxil,-lgcc,-lc,-lstdc++,--end-group
'Finished building target: Final.elf'
' '
'Invoking: ARM v7 Print Size'
arm-none-eabi-size Final.elf  |tee "Final.elf.size"
   text	   data	    bss	    dec	    hex	filename
  83036	   3372	  23408	 109816	  1acf8	Final.elf
'Finished building: Final.elf.size'
' '
19:46:34 **** Incremental Build of configuration Debug for project Final ****
make pre-build main-build 
a9-linaro-pre-build-step
' '
make: Nothing to be done for 'main-build'.
19:57:25 **** Auto Build of configuration Debug for project Final ****
make pre-build main-build 
a9-linaro-pre-build-step
' '
'Building file: ../src/main.cc'
'Invoking: ARM v7 g++ compiler'
arm-none-eabi-g++ -Wall -O0 -g3 -c -fmessage-length=0 -MT"src/main.o" -mcpu=cortex-a9 -mfpu=vfpv3 -mfloat-abi=hard -I../../Final_bsp/ps7_cortexa9_0/include -MMD -MP -MF"src/main.d" -MT"src/main.o" -o "src/main.o" "../src/main.cc"
../src/main.cc: In function 'void Intr_Handler()':
../src/main.cc:66:32: error: 'Btn' was not declared in this scope
  Btn_num = XGpio_DiscreteRead(&Btn, 1);
                                ^~~
make: *** [src/subdir.mk:23: src/main.o] Error 1
19:57:37 **** Auto Build of configuration Debug for project Final ****
make pre-build main-build 
a9-linaro-pre-build-step
' '
'Building file: ../src/main.cc'
'Invoking: ARM v7 g++ compiler'
arm-none-eabi-g++ -Wall -O0 -g3 -c -fmessage-length=0 -MT"src/main.o" -mcpu=cortex-a9 -mfpu=vfpv3 -mfloat-abi=hard -I../../Final_bsp/ps7_cortexa9_0/include -MMD -MP -MF"src/main.d" -MT"src/main.o" -o "src/main.o" "../src/main.cc"
'Finished building: ../src/main.cc'
' '
'Building target: Final.elf'
'Invoking: ARM v7 g++ linker'
arm-none-eabi-g++ -mcpu=cortex-a9 -mfpu=vfpv3 -mfloat-abi=hard -Wl,-build-id=none -specs=Xilinx.spec -Wl,-T -Wl,../src/lscript.ld -L../../Final_bsp/ps7_cortexa9_0/lib -o "Final.elf"  ./src/main.o   -Wl,--start-group,-lxil,-lgcc,-lc,-lstdc++,--end-group
'Finished building target: Final.elf'
' '
'Invoking: ARM v7 Print Size'
arm-none-eabi-size Final.elf  |tee "Final.elf.size"
   text	   data	    bss	    dec	    hex	filename
  83116	   3372	  23408	 109896	  1ad48	Final.elf
'Finished building: Final.elf.size'
' '
19:57:46 **** Incremental Build of configuration Debug for project Final ****
make pre-build main-build 
a9-linaro-pre-build-step
' '
make: Nothing to be done for 'main-build'.
19:58:01 **** Incremental Build of configuration Debug for project Final ****
make pre-build main-build 
a9-linaro-pre-build-step
' '
make: Nothing to be done for 'main-build'.
20:01:05 **** Incremental Build of configuration Debug for project Final ****
make pre-build main-build 
a9-linaro-pre-build-step
' '
'Building file: ../src/main.cc'
'Invoking: ARM v7 g++ compiler'
arm-none-eabi-g++ -Wall -O0 -g3 -c -fmessage-length=0 -MT"src/main.o" -mcpu=cortex-a9 -mfpu=vfpv3 -mfloat-abi=hard -I../../Final_bsp/ps7_cortexa9_0/include -MMD -MP -MF"src/main.d" -MT"src/main.o" -o "src/main.o" "../src/main.cc"
'Finished building: ../src/main.cc'
' '
'Building target: Final.elf'
'Invoking: ARM v7 g++ linker'
arm-none-eabi-g++ -mcpu=cortex-a9 -mfpu=vfpv3 -mfloat-abi=hard -Wl,-build-id=none -specs=Xilinx.spec -Wl,-T -Wl,../src/lscript.ld -L../../Final_bsp/ps7_cortexa9_0/lib -o "Final.elf"  ./src/main.o   -Wl,--start-group,-lxil,-lgcc,-lc,-lstdc++,--end-group
'Finished building target: Final.elf'
' '
'Invoking: ARM v7 Print Size'
arm-none-eabi-size Final.elf  |tee "Final.elf.size"
   text	   data	    bss	    dec	    hex	filename
  83116	   3372	  23408	 109896	  1ad48	Final.elf
'Finished building: Final.elf.size'
' '
20:24:51 **** Incremental Build of configuration Debug for project Final ****
make pre-build main-build 
a9-linaro-pre-build-step
' '
'Building file: ../src/main.cc'
'Invoking: ARM v7 g++ compiler'
arm-none-eabi-g++ -Wall -O0 -g3 -c -fmessage-length=0 -MT"src/main.o" -mcpu=cortex-a9 -mfpu=vfpv3 -mfloat-abi=hard -I../../Final_bsp/ps7_cortexa9_0/include -MMD -MP -MF"src/main.d" -MT"src/main.o" -o "src/main.o" "../src/main.cc"
../src/main.cc:26:12: warning: 'Intr_CTN' defined but not used [-Wunused-variable]
 static int Intr_CTN;
            ^~~~~~~~
'Finished building: ../src/main.cc'
' '
'Building target: Final.elf'
'Invoking: ARM v7 g++ linker'
arm-none-eabi-g++ -mcpu=cortex-a9 -mfpu=vfpv3 -mfloat-abi=hard -Wl,-build-id=none -specs=Xilinx.spec -Wl,-T -Wl,../src/lscript.ld -L../../Final_bsp/ps7_cortexa9_0/lib -o "Final.elf"  ./src/main.o   -Wl,--start-group,-lxil,-lgcc,-lc,-lstdc++,--end-group
./src/main.o: In function `main':
C:\Users\user\Desktop\SoC\Final\Final.sdk\Final\Debug/../src/main.cc:33: undefined reference to `Intr_Setup(XScuGic*, XGpio*)'
collect2.exe: error: ld returned 1 exit status
make: *** [makefile:53: Final.elf] Error 1
20:25:30 **** Auto Build of configuration Debug for project Final ****
make pre-build main-build 
a9-linaro-pre-build-step
' '
'Building file: ../src/main.cc'
'Invoking: ARM v7 g++ compiler'
arm-none-eabi-g++ -Wall -O0 -g3 -c -fmessage-length=0 -MT"src/main.o" -mcpu=cortex-a9 -mfpu=vfpv3 -mfloat-abi=hard -I../../Final_bsp/ps7_cortexa9_0/include -MMD -MP -MF"src/main.d" -MT"src/main.o" -o "src/main.o" "../src/main.cc"
../src/main.cc:26:12: warning: 'Intr_CTN' defined but not used [-Wunused-variable]
 static int Intr_CTN;
            ^~~~~~~~
'Finished building: ../src/main.cc'
' '
'Building target: Final.elf'
'Invoking: ARM v7 g++ linker'
arm-none-eabi-g++ -mcpu=cortex-a9 -mfpu=vfpv3 -mfloat-abi=hard -Wl,-build-id=none -specs=Xilinx.spec -Wl,-T -Wl,../src/lscript.ld -L../../Final_bsp/ps7_cortexa9_0/lib -o "Final.elf"  ./src/main.o   -Wl,--start-group,-lxil,-lgcc,-lc,-lstdc++,--end-group
'Finished building target: Final.elf'
' '
'Invoking: ARM v7 Print Size'
arm-none-eabi-size Final.elf  |tee "Final.elf.size"
   text	   data	    bss	    dec	    hex	filename
  78464	   2596	  23392	 104452	  19804	Final.elf
'Finished building: Final.elf.size'
' '
20:25:42 **** Incremental Build of configuration Debug for project Final ****
make pre-build main-build 
a9-linaro-pre-build-step
' '
make: Nothing to be done for 'main-build'.
20:26:39 **** Auto Build of configuration Debug for project Final ****
make pre-build main-build 
a9-linaro-pre-build-step
' '
'Building file: ../src/main.cc'
'Invoking: ARM v7 g++ compiler'
arm-none-eabi-g++ -Wall -O0 -g3 -c -fmessage-length=0 -MT"src/main.o" -mcpu=cortex-a9 -mfpu=vfpv3 -mfloat-abi=hard -I../../Final_bsp/ps7_cortexa9_0/include -MMD -MP -MF"src/main.d" -MT"src/main.o" -o "src/main.o" "../src/main.cc"
../src/main.cc:26:12: warning: 'Intr_CTN' defined but not used [-Wunused-variable]
 static int Intr_CTN;
            ^~~~~~~~
'Finished building: ../src/main.cc'
' '
'Building target: Final.elf'
'Invoking: ARM v7 g++ linker'
arm-none-eabi-g++ -mcpu=cortex-a9 -mfpu=vfpv3 -mfloat-abi=hard -Wl,-build-id=none -specs=Xilinx.spec -Wl,-T -Wl,../src/lscript.ld -L../../Final_bsp/ps7_cortexa9_0/lib -o "Final.elf"  ./src/main.o   -Wl,--start-group,-lxil,-lgcc,-lc,-lstdc++,--end-group
'Finished building target: Final.elf'
' '
'Invoking: ARM v7 Print Size'
arm-none-eabi-size Final.elf  |tee "Final.elf.size"
   text	   data	    bss	    dec	    hex	filename
  78464	   2596	  23392	 104452	  19804	Final.elf
'Finished building: Final.elf.size'
' '
20:26:54 **** Incremental Build of configuration Debug for project Final ****
make pre-build main-build 
a9-linaro-pre-build-step
' '
make: Nothing to be done for 'main-build'.
20:41:05 **** Incremental Build of configuration Debug for project Final ****
make pre-build main-build 
a9-linaro-pre-build-step
' '
'Building file: ../src/main.cc'
'Invoking: ARM v7 g++ compiler'
arm-none-eabi-g++ -Wall -O0 -g3 -c -fmessage-length=0 -MT"src/main.o" -mcpu=cortex-a9 -mfpu=vfpv3 -mfloat-abi=hard -I../../Final_bsp/ps7_cortexa9_0/include -MMD -MP -MF"src/main.d" -MT"src/main.o" -o "src/main.o" "../src/main.cc"
../src/main.cc: In function 'int main()':
../src/main.cc:43:19: error: 'buttonState' was not declared in this scope
               if (buttonState & (1 << i)) {
                   ^~~~~~~~~~~
../src/main.cc: At global scope:
../src/main.cc:26:12: warning: 'Intr_CTN' defined but not used [-Wunused-variable]
 static int Intr_CTN;
            ^~~~~~~~
make: *** [src/subdir.mk:23: src/main.o] Error 1
20:41:30 **** Auto Build of configuration Debug for project Final ****
make pre-build main-build 
a9-linaro-pre-build-step
' '
'Building file: ../src/main.cc'
'Invoking: ARM v7 g++ compiler'
arm-none-eabi-g++ -Wall -O0 -g3 -c -fmessage-length=0 -MT"src/main.o" -mcpu=cortex-a9 -mfpu=vfpv3 -mfloat-abi=hard -I../../Final_bsp/ps7_cortexa9_0/include -MMD -MP -MF"src/main.d" -MT"src/main.o" -o "src/main.o" "../src/main.cc"
../src/main.cc:26:12: warning: 'Intr_CTN' defined but not used [-Wunused-variable]
 static int Intr_CTN;
            ^~~~~~~~
'Finished building: ../src/main.cc'
' '
'Building target: Final.elf'
'Invoking: ARM v7 g++ linker'
arm-none-eabi-g++ -mcpu=cortex-a9 -mfpu=vfpv3 -mfloat-abi=hard -Wl,-build-id=none -specs=Xilinx.spec -Wl,-T -Wl,../src/lscript.ld -L../../Final_bsp/ps7_cortexa9_0/lib -o "Final.elf"  ./src/main.o   -Wl,--start-group,-lxil,-lgcc,-lc,-lstdc++,--end-group
'Finished building target: Final.elf'
' '
'Invoking: ARM v7 Print Size'
arm-none-eabi-size Final.elf  |tee "Final.elf.size"
   text	   data	    bss	    dec	    hex	filename
  78568	   2596	  23392	 104556	  1986c	Final.elf
'Finished building: Final.elf.size'
' '
20:41:40 **** Incremental Build of configuration Debug for project Final ****
make pre-build main-build 
a9-linaro-pre-build-step
' '
make: Nothing to be done for 'main-build'.
20:43:23 **** Auto Build of configuration Debug for project Final ****
make pre-build main-build 
a9-linaro-pre-build-step
' '
'Building file: ../src/main.cc'
'Invoking: ARM v7 g++ compiler'
arm-none-eabi-g++ -Wall -O0 -g3 -c -fmessage-length=0 -MT"src/main.o" -mcpu=cortex-a9 -mfpu=vfpv3 -mfloat-abi=hard -I../../Final_bsp/ps7_cortexa9_0/include -MMD -MP -MF"src/main.d" -MT"src/main.o" -o "src/main.o" "../src/main.cc"
../src/main.cc: In function 'int main()':
../src/main.cc:50:2: error: expected ';' before '}' token
  }
  ^
../src/main.cc: At global scope:
../src/main.cc:26:12: warning: 'Intr_CTN' defined but not used [-Wunused-variable]
 static int Intr_CTN;
            ^~~~~~~~
make: *** [src/subdir.mk:23: src/main.o] Error 1
20:43:27 **** Auto Build of configuration Debug for project Final ****
make pre-build main-build 
a9-linaro-pre-build-step
' '
'Building file: ../src/main.cc'
'Invoking: ARM v7 g++ compiler'
arm-none-eabi-g++ -Wall -O0 -g3 -c -fmessage-length=0 -MT"src/main.o" -mcpu=cortex-a9 -mfpu=vfpv3 -mfloat-abi=hard -I../../Final_bsp/ps7_cortexa9_0/include -MMD -MP -MF"src/main.d" -MT"src/main.o" -o "src/main.o" "../src/main.cc"
../src/main.cc:26:12: warning: 'Intr_CTN' defined but not used [-Wunused-variable]
 static int Intr_CTN;
            ^~~~~~~~
'Finished building: ../src/main.cc'
' '
'Building target: Final.elf'
'Invoking: ARM v7 g++ linker'
arm-none-eabi-g++ -mcpu=cortex-a9 -mfpu=vfpv3 -mfloat-abi=hard -Wl,-build-id=none -specs=Xilinx.spec -Wl,-T -Wl,../src/lscript.ld -L../../Final_bsp/ps7_cortexa9_0/lib -o "Final.elf"  ./src/main.o   -Wl,--start-group,-lxil,-lgcc,-lc,-lstdc++,--end-group
'Finished building target: Final.elf'
' '
'Invoking: ARM v7 Print Size'
arm-none-eabi-size Final.elf  |tee "Final.elf.size"
   text	   data	    bss	    dec	    hex	filename
  78632	   2596	  23392	 104620	  198ac	Final.elf
'Finished building: Final.elf.size'
' '
20:43:37 **** Incremental Build of configuration Debug for project Final ****
make pre-build main-build 
a9-linaro-pre-build-step
' '
make: Nothing to be done for 'main-build'.
20:43:46 **** Incremental Build of configuration Debug for project Final ****
make pre-build main-build 
a9-linaro-pre-build-step
' '
make: Nothing to be done for 'main-build'.
20:46:44 **** Auto Build of configuration Debug for project Final ****
make pre-build main-build 
a9-linaro-pre-build-step
' '
'Building file: ../src/main.cc'
'Invoking: ARM v7 g++ compiler'
arm-none-eabi-g++ -Wall -O0 -g3 -c -fmessage-length=0 -MT"src/main.o" -mcpu=cortex-a9 -mfpu=vfpv3 -mfloat-abi=hard -I../../Final_bsp/ps7_cortexa9_0/include -MMD -MP -MF"src/main.d" -MT"src/main.o" -o "src/main.o" "../src/main.cc"
../src/main.cc:27:12: warning: 'Intr_CTN' defined but not used [-Wunused-variable]
 static int Intr_CTN;
            ^~~~~~~~
'Finished building: ../src/main.cc'
' '
'Building target: Final.elf'
'Invoking: ARM v7 g++ linker'
arm-none-eabi-g++ -mcpu=cortex-a9 -mfpu=vfpv3 -mfloat-abi=hard -Wl,-build-id=none -specs=Xilinx.spec -Wl,-T -Wl,../src/lscript.ld -L../../Final_bsp/ps7_cortexa9_0/lib -o "Final.elf"  ./src/main.o   -Wl,--start-group,-lxil,-lgcc,-lc,-lstdc++,--end-group
'Finished building target: Final.elf'
' '
'Invoking: ARM v7 Print Size'
arm-none-eabi-size Final.elf  |tee "Final.elf.size"
   text	   data	    bss	    dec	    hex	filename
  78632	   2596	  23424	 104652	  198cc	Final.elf
'Finished building: Final.elf.size'
' '
20:58:44 **** Auto Build of configuration Debug for project Final ****
make pre-build main-build 
a9-linaro-pre-build-step
' '
'Building file: ../src/main.cc'
'Invoking: ARM v7 g++ compiler'
arm-none-eabi-g++ -Wall -O0 -g3 -c -fmessage-length=0 -MT"src/main.o" -mcpu=cortex-a9 -mfpu=vfpv3 -mfloat-abi=hard -I../../Final_bsp/ps7_cortexa9_0/include -MMD -MP -MF"src/main.d" -MT"src/main.o" -o "src/main.o" "../src/main.cc"
../src/main.cc:51:2: error: expected unqualified-id before 'return'
  return 0;
  ^~~~~~
../src/main.cc:52:1: error: expected declaration before '}' token
 }
 ^
../src/main.cc:27:12: warning: 'Intr_CTN' defined but not used [-Wunused-variable]
 static int Intr_CTN;
            ^~~~~~~~
make: *** [src/subdir.mk:23: src/main.o] Error 1
20:59:48 **** Auto Build of configuration Debug for project Final ****
make pre-build main-build 
a9-linaro-pre-build-step
' '
'Building file: ../src/main.cc'
'Invoking: ARM v7 g++ compiler'
arm-none-eabi-g++ -Wall -O0 -g3 -c -fmessage-length=0 -MT"src/main.o" -mcpu=cortex-a9 -mfpu=vfpv3 -mfloat-abi=hard -I../../Final_bsp/ps7_cortexa9_0/include -MMD -MP -MF"src/main.d" -MT"src/main.o" -o "src/main.o" "../src/main.cc"
../src/main.cc: In function 'int main()':
../src/main.cc:46:7: error: 'btn' was not declared in this scope
   if (btn[0] == 0 && btn[1] == 1) {
       ^~~
../src/main.cc:46:7: note: suggested alternative: 'Btn'
   if (btn[0] == 0 && btn[1] == 1) {
       ^~~
       Btn
../src/main.cc:53:7: error: 'btn' was not declared in this scope
   if (btn[2] == 0 && btn[3] == 1) {
       ^~~
../src/main.cc:53:7: note: suggested alternative: 'Btn'
   if (btn[2] == 0 && btn[3] == 1) {
       ^~~
       Btn
../src/main.cc: At global scope:
../src/main.cc:27:12: warning: 'Intr_CTN' defined but not used [-Wunused-variable]
 static int Intr_CTN;
            ^~~~~~~~
make: *** [src/subdir.mk:23: src/main.o] Error 1
21:00:52 **** Auto Build of configuration Debug for project Final ****
make pre-build main-build 
a9-linaro-pre-build-step
' '
'Building file: ../src/main.cc'
'Invoking: ARM v7 g++ compiler'
arm-none-eabi-g++ -Wall -O0 -g3 -c -fmessage-length=0 -MT"src/main.o" -mcpu=cortex-a9 -mfpu=vfpv3 -mfloat-abi=hard -I../../Final_bsp/ps7_cortexa9_0/include -MMD -MP -MF"src/main.d" -MT"src/main.o" -o "src/main.o" "../src/main.cc"
../src/main.cc: In function 'int main()':
../src/main.cc:54:22: error: 'btn' was not declared in this scope
   if (Btn[3] == 0 && btn[4] == 1) {
                      ^~~
../src/main.cc:54:22: note: suggested alternative: 'Btn'
   if (Btn[3] == 0 && btn[4] == 1) {
                      ^~~
                      Btn
../src/main.cc: At global scope:
../src/main.cc:27:12: warning: 'Intr_CTN' defined but not used [-Wunused-variable]
 static int Intr_CTN;
            ^~~~~~~~
make: *** [src/subdir.mk:23: src/main.o] Error 1
21:00:56 **** Auto Build of configuration Debug for project Final ****
make pre-build main-build 
a9-linaro-pre-build-step
' '
'Building file: ../src/main.cc'
'Invoking: ARM v7 g++ compiler'
arm-none-eabi-g++ -Wall -O0 -g3 -c -fmessage-length=0 -MT"src/main.o" -mcpu=cortex-a9 -mfpu=vfpv3 -mfloat-abi=hard -I../../Final_bsp/ps7_cortexa9_0/include -MMD -MP -MF"src/main.d" -MT"src/main.o" -o "src/main.o" "../src/main.cc"
../src/main.cc:27:12: warning: 'Intr_CTN' defined but not used [-Wunused-variable]
 static int Intr_CTN;
            ^~~~~~~~
'Finished building: ../src/main.cc'
' '
'Building target: Final.elf'
'Invoking: ARM v7 g++ linker'
arm-none-eabi-g++ -mcpu=cortex-a9 -mfpu=vfpv3 -mfloat-abi=hard -Wl,-build-id=none -specs=Xilinx.spec -Wl,-T -Wl,../src/lscript.ld -L../../Final_bsp/ps7_cortexa9_0/lib -o "Final.elf"  ./src/main.o   -Wl,--start-group,-lxil,-lgcc,-lc,-lstdc++,--end-group
'Finished building target: Final.elf'
' '
'Invoking: ARM v7 Print Size'
arm-none-eabi-size Final.elf  |tee "Final.elf.size"
   text	   data	    bss	    dec	    hex	filename
  32576	   2200	  22720	  57496	   e098	Final.elf
'Finished building: Final.elf.size'
' '
21:02:03 **** Auto Build of configuration Debug for project Final ****
make pre-build main-build 
a9-linaro-pre-build-step
' '
'Building file: ../src/main.cc'
'Invoking: ARM v7 g++ compiler'
arm-none-eabi-g++ -Wall -O0 -g3 -c -fmessage-length=0 -MT"src/main.o" -mcpu=cortex-a9 -mfpu=vfpv3 -mfloat-abi=hard -I../../Final_bsp/ps7_cortexa9_0/include -MMD -MP -MF"src/main.d" -MT"src/main.o" -o "src/main.o" "../src/main.cc"
../src/main.cc:27:12: warning: 'Intr_CTN' defined but not used [-Wunused-variable]
 static int Intr_CTN;
            ^~~~~~~~
'Finished building: ../src/main.cc'
' '
'Building target: Final.elf'
'Invoking: ARM v7 g++ linker'
arm-none-eabi-g++ -mcpu=cortex-a9 -mfpu=vfpv3 -mfloat-abi=hard -Wl,-build-id=none -specs=Xilinx.spec -Wl,-T -Wl,../src/lscript.ld -L../../Final_bsp/ps7_cortexa9_0/lib -o "Final.elf"  ./src/main.o   -Wl,--start-group,-lxil,-lgcc,-lc,-lstdc++,--end-group
'Finished building target: Final.elf'
' '
'Invoking: ARM v7 Print Size'
arm-none-eabi-size Final.elf  |tee "Final.elf.size"
   text	   data	    bss	    dec	    hex	filename
  32576	   2200	  22720	  57496	   e098	Final.elf
'Finished building: Final.elf.size'
' '
21:02:12 **** Incremental Build of configuration Debug for project Final ****
make pre-build main-build 
a9-linaro-pre-build-step
' '
make: Nothing to be done for 'main-build'.
21:03:29 **** Auto Build of configuration Debug for project Final ****
make pre-build main-build 
a9-linaro-pre-build-step
' '
'Building file: ../src/main.cc'
'Invoking: ARM v7 g++ compiler'
arm-none-eabi-g++ -Wall -O0 -g3 -c -fmessage-length=0 -MT"src/main.o" -mcpu=cortex-a9 -mfpu=vfpv3 -mfloat-abi=hard -I../../Final_bsp/ps7_cortexa9_0/include -MMD -MP -MF"src/main.d" -MT"src/main.o" -o "src/main.o" "../src/main.cc"
../src/main.cc:27:12: warning: 'Intr_CTN' defined but not used [-Wunused-variable]
 static int Intr_CTN;
            ^~~~~~~~
'Finished building: ../src/main.cc'
' '
'Building target: Final.elf'
'Invoking: ARM v7 g++ linker'
arm-none-eabi-g++ -mcpu=cortex-a9 -mfpu=vfpv3 -mfloat-abi=hard -Wl,-build-id=none -specs=Xilinx.spec -Wl,-T -Wl,../src/lscript.ld -L../../Final_bsp/ps7_cortexa9_0/lib -o "Final.elf"  ./src/main.o   -Wl,--start-group,-lxil,-lgcc,-lc,-lstdc++,--end-group
'Finished building target: Final.elf'
' '
'Invoking: ARM v7 Print Size'
arm-none-eabi-size Final.elf  |tee "Final.elf.size"
   text	   data	    bss	    dec	    hex	filename
  78856	   2596	  23408	 104860	  1999c	Final.elf
'Finished building: Final.elf.size'
' '
21:03:41 **** Incremental Build of configuration Debug for project Final ****
make pre-build main-build 
a9-linaro-pre-build-step
' '
make: Nothing to be done for 'main-build'.
21:05:16 **** Incremental Build of configuration Debug for project Final ****
make pre-build main-build 
a9-linaro-pre-build-step
' '
'Building file: ../src/main.cc'
'Invoking: ARM v7 g++ compiler'
arm-none-eabi-g++ -Wall -O0 -g3 -c -fmessage-length=0 -MT"src/main.o" -mcpu=cortex-a9 -mfpu=vfpv3 -mfloat-abi=hard -I../../Final_bsp/ps7_cortexa9_0/include -MMD -MP -MF"src/main.d" -MT"src/main.o" -o "src/main.o" "../src/main.cc"
../src/main.cc:27:12: warning: 'Intr_CTN' defined but not used [-Wunused-variable]
 static int Intr_CTN;
            ^~~~~~~~
'Finished building: ../src/main.cc'
' '
'Building target: Final.elf'
'Invoking: ARM v7 g++ linker'
arm-none-eabi-g++ -mcpu=cortex-a9 -mfpu=vfpv3 -mfloat-abi=hard -Wl,-build-id=none -specs=Xilinx.spec -Wl,-T -Wl,../src/lscript.ld -L../../Final_bsp/ps7_cortexa9_0/lib -o "Final.elf"  ./src/main.o   -Wl,--start-group,-lxil,-lgcc,-lc,-lstdc++,--end-group
'Finished building target: Final.elf'
' '
'Invoking: ARM v7 Print Size'
arm-none-eabi-size Final.elf  |tee "Final.elf.size"
   text	   data	    bss	    dec	    hex	filename
  78856	   2596	  23408	 104860	  1999c	Final.elf
'Finished building: Final.elf.size'
' '
21:05:46 **** Incremental Build of configuration Debug for project Final ****
make pre-build main-build 
a9-linaro-pre-build-step
' '
make: Nothing to be done for 'main-build'.
21:09:29 **** Auto Build of configuration Debug for project Final ****
make pre-build main-build 
a9-linaro-pre-build-step
' '
'Building file: ../src/main.cc'
'Invoking: ARM v7 g++ compiler'
arm-none-eabi-g++ -Wall -O0 -g3 -c -fmessage-length=0 -MT"src/main.o" -mcpu=cortex-a9 -mfpu=vfpv3 -mfloat-abi=hard -I../../Final_bsp/ps7_cortexa9_0/include -MMD -MP -MF"src/main.d" -MT"src/main.o" -o "src/main.o" "../src/main.cc"
../src/main.cc:27:12: warning: 'Intr_CTN' defined but not used [-Wunused-variable]
 static int Intr_CTN;
            ^~~~~~~~
'Finished building: ../src/main.cc'
' '
'Building target: Final.elf'
'Invoking: ARM v7 g++ linker'
arm-none-eabi-g++ -mcpu=cortex-a9 -mfpu=vfpv3 -mfloat-abi=hard -Wl,-build-id=none -specs=Xilinx.spec -Wl,-T -Wl,../src/lscript.ld -L../../Final_bsp/ps7_cortexa9_0/lib -o "Final.elf"  ./src/main.o   -Wl,--start-group,-lxil,-lgcc,-lc,-lstdc++,--end-group
'Finished building target: Final.elf'
' '
'Invoking: ARM v7 Print Size'
arm-none-eabi-size Final.elf  |tee "Final.elf.size"
   text	   data	    bss	    dec	    hex	filename
  78856	   2596	  23408	 104860	  1999c	Final.elf
'Finished building: Final.elf.size'
' '
21:09:43 **** Auto Build of configuration Debug for project Final ****
make pre-build main-build 
a9-linaro-pre-build-step
' '
'Building file: ../src/main.cc'
'Invoking: ARM v7 g++ compiler'
arm-none-eabi-g++ -Wall -O0 -g3 -c -fmessage-length=0 -MT"src/main.o" -mcpu=cortex-a9 -mfpu=vfpv3 -mfloat-abi=hard -I../../Final_bsp/ps7_cortexa9_0/include -MMD -MP -MF"src/main.d" -MT"src/main.o" -o "src/main.o" "../src/main.cc"
../src/main.cc:27:12: warning: 'Intr_CTN' defined but not used [-Wunused-variable]
 static int Intr_CTN;
            ^~~~~~~~
'Finished building: ../src/main.cc'
' '
'Building target: Final.elf'
'Invoking: ARM v7 g++ linker'
arm-none-eabi-g++ -mcpu=cortex-a9 -mfpu=vfpv3 -mfloat-abi=hard -Wl,-build-id=none -specs=Xilinx.spec -Wl,-T -Wl,../src/lscript.ld -L../../Final_bsp/ps7_cortexa9_0/lib -o "Final.elf"  ./src/main.o   -Wl,--start-group,-lxil,-lgcc,-lc,-lstdc++,--end-group
'Finished building target: Final.elf'
' '
'Invoking: ARM v7 Print Size'
arm-none-eabi-size Final.elf  |tee "Final.elf.size"
   text	   data	    bss	    dec	    hex	filename
  32576	   2200	  22720	  57496	   e098	Final.elf
'Finished building: Final.elf.size'
' '
21:09:48 **** Incremental Build of configuration Debug for project Final ****
make pre-build main-build 
a9-linaro-pre-build-step
' '
make: Nothing to be done for 'main-build'.
21:10:44 **** Auto Build of configuration Debug for project Final ****
make pre-build main-build 
a9-linaro-pre-build-step
' '
'Building file: ../src/main.cc'
'Invoking: ARM v7 g++ compiler'
arm-none-eabi-g++ -Wall -O0 -g3 -c -fmessage-length=0 -MT"src/main.o" -mcpu=cortex-a9 -mfpu=vfpv3 -mfloat-abi=hard -I../../Final_bsp/ps7_cortexa9_0/include -MMD -MP -MF"src/main.d" -MT"src/main.o" -o "src/main.o" "../src/main.cc"
../src/main.cc:27:12: warning: 'Intr_CTN' defined but not used [-Wunused-variable]
 static int Intr_CTN;
            ^~~~~~~~
'Finished building: ../src/main.cc'
' '
'Building target: Final.elf'
'Invoking: ARM v7 g++ linker'
arm-none-eabi-g++ -mcpu=cortex-a9 -mfpu=vfpv3 -mfloat-abi=hard -Wl,-build-id=none -specs=Xilinx.spec -Wl,-T -Wl,../src/lscript.ld -L../../Final_bsp/ps7_cortexa9_0/lib -o "Final.elf"  ./src/main.o   -Wl,--start-group,-lxil,-lgcc,-lc,-lstdc++,--end-group
'Finished building target: Final.elf'
' '
'Invoking: ARM v7 Print Size'
arm-none-eabi-size Final.elf  |tee "Final.elf.size"
   text	   data	    bss	    dec	    hex	filename
  32576	   2200	  22720	  57496	   e098	Final.elf
'Finished building: Final.elf.size'
' '
21:10:59 **** Incremental Build of configuration Debug for project Final ****
make pre-build main-build 
a9-linaro-pre-build-step
' '
make: Nothing to be done for 'main-build'.
21:17:30 **** Auto Build of configuration Debug for project Final ****
make pre-build main-build 
a9-linaro-pre-build-step
' '
'Building file: ../src/main.cc'
'Invoking: ARM v7 g++ compiler'
arm-none-eabi-g++ -Wall -O0 -g3 -c -fmessage-length=0 -MT"src/main.o" -mcpu=cortex-a9 -mfpu=vfpv3 -mfloat-abi=hard -I../../Final_bsp/ps7_cortexa9_0/include -MMD -MP -MF"src/main.d" -MT"src/main.o" -o "src/main.o" "../src/main.cc"
../src/main.cc:27:12: warning: 'Intr_CTN' defined but not used [-Wunused-variable]
 static int Intr_CTN;
            ^~~~~~~~
'Finished building: ../src/main.cc'
' '
'Building target: Final.elf'
'Invoking: ARM v7 g++ linker'
arm-none-eabi-g++ -mcpu=cortex-a9 -mfpu=vfpv3 -mfloat-abi=hard -Wl,-build-id=none -specs=Xilinx.spec -Wl,-T -Wl,../src/lscript.ld -L../../Final_bsp/ps7_cortexa9_0/lib -o "Final.elf"  ./src/main.o   -Wl,--start-group,-lxil,-lgcc,-lc,-lstdc++,--end-group
'Finished building target: Final.elf'
' '
'Invoking: ARM v7 Print Size'
arm-none-eabi-size Final.elf  |tee "Final.elf.size"
   text	   data	    bss	    dec	    hex	filename
  32576	   2200	  22720	  57496	   e098	Final.elf
'Finished building: Final.elf.size'
' '
21:17:43 **** Incremental Build of configuration Debug for project Final ****
make pre-build main-build 
a9-linaro-pre-build-step
' '
make: Nothing to be done for 'main-build'.
21:18:11 **** Auto Build of configuration Debug for project Final ****
make pre-build main-build 
a9-linaro-pre-build-step
' '
'Building file: ../src/main.cc'
'Invoking: ARM v7 g++ compiler'
arm-none-eabi-g++ -Wall -O0 -g3 -c -fmessage-length=0 -MT"src/main.o" -mcpu=cortex-a9 -mfpu=vfpv3 -mfloat-abi=hard -I../../Final_bsp/ps7_cortexa9_0/include -MMD -MP -MF"src/main.d" -MT"src/main.o" -o "src/main.o" "../src/main.cc"
../src/main.cc:27:12: warning: 'Intr_CTN' defined but not used [-Wunused-variable]
 static int Intr_CTN;
            ^~~~~~~~
'Finished building: ../src/main.cc'
' '
'Building target: Final.elf'
'Invoking: ARM v7 g++ linker'
arm-none-eabi-g++ -mcpu=cortex-a9 -mfpu=vfpv3 -mfloat-abi=hard -Wl,-build-id=none -specs=Xilinx.spec -Wl,-T -Wl,../src/lscript.ld -L../../Final_bsp/ps7_cortexa9_0/lib -o "Final.elf"  ./src/main.o   -Wl,--start-group,-lxil,-lgcc,-lc,-lstdc++,--end-group
'Finished building target: Final.elf'
' '
'Invoking: ARM v7 Print Size'
arm-none-eabi-size Final.elf  |tee "Final.elf.size"
   text	   data	    bss	    dec	    hex	filename
  32576	   2200	  22720	  57496	   e098	Final.elf
'Finished building: Final.elf.size'
' '
21:18:21 **** Incremental Build of configuration Debug for project Final ****
make pre-build main-build 
a9-linaro-pre-build-step
' '
make: Nothing to be done for 'main-build'.
13:28:58 **** Incremental Build of configuration Debug for project Final ****
make pre-build main-build 
a9-linaro-pre-build-step
' '
make: Nothing to be done for 'main-build'.
13:57:54 **** Auto Build of configuration Debug for project Final ****
make pre-build main-build 
a9-linaro-pre-build-step
' '
'Building file: ../src/main.cc'
'Invoking: ARM v7 g++ compiler'
arm-none-eabi-g++ -Wall -O0 -g3 -c -fmessage-length=0 -MT"src/main.o" -mcpu=cortex-a9 -mfpu=vfpv3 -mfloat-abi=hard -I../../Final_bsp/ps7_cortexa9_0/include -MMD -MP -MF"src/main.d" -MT"src/main.o" -o "src/main.o" "../src/main.cc"
../src/main.cc: In function 'void initialize()':
../src/main.cc:25:5: error: 'player1' was not declared in this scope
     player1.setScore(0);
     ^~~~~~~
../src/main.cc:25:5: note: suggested alternative: 'clearerr'
     player1.setScore(0);
     ^~~~~~~
     clearerr
../src/main.cc:26:5: error: 'player2' was not declared in this scope
     player2.setScore(0);
     ^~~~~~~
../src/main.cc:26:5: note: suggested alternative: 'clearerr'
     player2.setScore(0);
     ^~~~~~~
     clearerr
../src/main.cc:27:5: error: 'ball' was not declared in this scope
     ball.setMoveX(-0.1);
     ^~~~
../src/main.cc:27:5: note: suggested alternative: 'bool'
     ball.setMoveX(-0.1);
     ^~~~
     bool
../src/main.cc: In member function 'void Ball::ob()':
../src/main.cc:38:5: error: 'player1' was not declared in this scope
     player1.goal();
     ^~~~~~~
../src/main.cc:38:5: note: suggested alternative: 'clearerr'
     player1.goal();
     ^~~~~~~
     clearerr
../src/main.cc:42:5: error: 'player2' was not declared in this scope
     player2.goal();
     ^~~~~~~
../src/main.cc:42:5: note: suggested alternative: 'clearerr'
     player2.goal();
     ^~~~~~~
     clearerr
../src/main.cc:45:8: error: 'player1' was not declared in this scope
    if (player1.getScore() == 5 || player2.getScore() == 5) {
        ^~~~~~~
../src/main.cc:45:8: note: suggested alternative: 'clearerr'
    if (player1.getScore() == 5 || player2.getScore() == 5) {
        ^~~~~~~
        clearerr
../src/main.cc:45:35: error: 'player2' was not declared in this scope
    if (player1.getScore() == 5 || player2.getScore() == 5) {
                                   ^~~~~~~
../src/main.cc:45:35: note: suggested alternative: 'clearerr'
    if (player1.getScore() == 5 || player2.getScore() == 5) {
                                   ^~~~~~~
                                   clearerr
../src/main.cc: In member function 'void Ball::rebound()':
../src/main.cc:56:42: error: 'player2' was not declared in this scope
    if ((x >= PLAYER_2_BAR_X - 2) && (y > player2.getBarYtop() && y <= player2.getBarYbottom())) { // right bar
                                          ^~~~~~~
../src/main.cc:56:42: note: suggested alternative: 'clearerr'
    if ((x >= PLAYER_2_BAR_X - 2) && (y > player2.getBarYtop() && y <= player2.getBarYbottom())) { // right bar
                                          ^~~~~~~
                                          clearerr
../src/main.cc:59:42: error: 'player1' was not declared in this scope
    if ((x <= PLAYER_1_BAR_X + 2) && (y > player1.getBarYtop() && y <= player1.getBarYbottom())) { // left bar
                                          ^~~~~~~
../src/main.cc:59:42: note: suggested alternative: 'clearerr'
    if ((x <= PLAYER_1_BAR_X + 2) && (y > player1.getBarYtop() && y <= player1.getBarYbottom())) { // left bar
                                          ^~~~~~~
                                          clearerr
make: *** [src/subdir.mk:23: src/main.o] Error 1
13:58:48 **** Auto Build of configuration Debug for project Final ****
make pre-build main-build 
a9-linaro-pre-build-step
' '
'Building file: ../src/main.cc'
'Invoking: ARM v7 g++ compiler'
arm-none-eabi-g++ -Wall -O0 -g3 -c -fmessage-length=0 -MT"src/main.o" -mcpu=cortex-a9 -mfpu=vfpv3 -mfloat-abi=hard -I../../Final_bsp/ps7_cortexa9_0/include -MMD -MP -MF"src/main.d" -MT"src/main.o" -o "src/main.o" "../src/main.cc"
../src/main.cc:23:1: error: 'Player' does not name a type; did you mean 'clearerr'?
 Player player1(PLAYER_1_BAR_X);
 ^~~~~~
 clearerr
../src/main.cc:24:1: error: 'Player' does not name a type; did you mean 'clearerr'?
 Player player2(PLAYER_2_BAR_X);
 ^~~~~~
 clearerr
../src/main.cc: In function 'void initialize()':
../src/main.cc:27:5: error: 'player1' was not declared in this scope
     player1.setScore(0);
     ^~~~~~~
../src/main.cc:27:5: note: suggested alternative: 'clearerr'
     player1.setScore(0);
     ^~~~~~~
     clearerr
../src/main.cc:28:5: error: 'player2' was not declared in this scope
     player2.setScore(0);
     ^~~~~~~
../src/main.cc:28:5: note: suggested alternative: 'clearerr'
     player2.setScore(0);
     ^~~~~~~
     clearerr
../src/main.cc:29:5: error: 'ball' was not declared in this scope
     ball.setMoveX(-0.1);
     ^~~~
../src/main.cc:29:5: note: suggested alternative: 'bool'
     ball.setMoveX(-0.1);
     ^~~~
     bool
../src/main.cc: In member function 'void Ball::ob()':
../src/main.cc:40:5: error: 'player1' was not declared in this scope
     player1.goal();
     ^~~~~~~
../src/main.cc:40:5: note: suggested alternative: 'clearerr'
     player1.goal();
     ^~~~~~~
     clearerr
../src/main.cc:44:5: error: 'player2' was not declared in this scope
     player2.goal();
     ^~~~~~~
../src/main.cc:44:5: note: suggested alternative: 'clearerr'
     player2.goal();
     ^~~~~~~
     clearerr
../src/main.cc:47:8: error: 'player1' was not declared in this scope
    if (player1.getScore() == 5 || player2.getScore() == 5) {
        ^~~~~~~
../src/main.cc:47:8: note: suggested alternative: 'clearerr'
    if (player1.getScore() == 5 || player2.getScore() == 5) {
        ^~~~~~~
        clearerr
../src/main.cc:47:35: error: 'player2' was not declared in this scope
    if (player1.getScore() == 5 || player2.getScore() == 5) {
                                   ^~~~~~~
../src/main.cc:47:35: note: suggested alternative: 'clearerr'
    if (player1.getScore() == 5 || player2.getScore() == 5) {
                                   ^~~~~~~
                                   clearerr
../src/main.cc: In member function 'void Ball::rebound()':
../src/main.cc:58:42: error: 'player2' was not declared in this scope
    if ((x >= PLAYER_2_BAR_X - 2) && (y > player2.getBarYtop() && y <= player2.getBarYbottom())) { // right bar
                                          ^~~~~~~
../src/main.cc:58:42: note: suggested alternative: 'clearerr'
    if ((x >= PLAYER_2_BAR_X - 2) && (y > player2.getBarYtop() && y <= player2.getBarYbottom())) { // right bar
                                          ^~~~~~~
                                          clearerr
../src/main.cc:61:42: error: 'player1' was not declared in this scope
    if ((x <= PLAYER_1_BAR_X + 2) && (y > player1.getBarYtop() && y <= player1.getBarYbottom())) { // left bar
                                          ^~~~~~~
../src/main.cc:61:42: note: suggested alternative: 'clearerr'
    if ((x <= PLAYER_1_BAR_X + 2) && (y > player1.getBarYtop() && y <= player1.getBarYbottom())) { // left bar
                                          ^~~~~~~
                                          clearerr
make: *** [src/subdir.mk:23: src/main.o] Error 1
13:59:41 **** Auto Build of configuration Debug for project Final ****
make pre-build main-build 
a9-linaro-pre-build-step
' '
'Building file: ../src/main.cc'
'Invoking: ARM v7 g++ compiler'
arm-none-eabi-g++ -Wall -O0 -g3 -c -fmessage-length=0 -MT"src/main.o" -mcpu=cortex-a9 -mfpu=vfpv3 -mfloat-abi=hard -I../../Final_bsp/ps7_cortexa9_0/include -MMD -MP -MF"src/main.d" -MT"src/main.o" -o "src/main.o" "../src/main.cc"
../src/main.cc: In function 'void initialize()':
../src/main.cc:26:5: error: 'player1' was not declared in this scope
     player1.setScore(0);
     ^~~~~~~
../src/main.cc:26:5: note: suggested alternative: 'clearerr'
     player1.setScore(0);
     ^~~~~~~
     clearerr
../src/main.cc:27:5: error: 'player2' was not declared in this scope
     player2.setScore(0);
     ^~~~~~~
../src/main.cc:27:5: note: suggested alternative: 'clearerr'
     player2.setScore(0);
     ^~~~~~~
     clearerr
../src/main.cc:28:5: error: 'ball' was not declared in this scope
     ball.setMoveX(-0.1);
     ^~~~
../src/main.cc:28:5: note: suggested alternative: 'bool'
     ball.setMoveX(-0.1);
     ^~~~
     bool
../src/main.cc: In member function 'void Player::barUp()':
../src/main.cc:86:5: error: 'gotoxy' was not declared in this scope
     gotoxy(getBarX(), getBarYbottom());
     ^~~~~~
../src/main.cc:87:5: error: 'cout' was not declared in this scope
     cout << "  ";
     ^~~~
../src/main.cc: In member function 'void Player::barDown()':
../src/main.cc:95:11: error: 'gotoxy' was not declared in this scope
           gotoxy(getBarX(), getBarYtop());
           ^~~~~~
../src/main.cc:96:5: error: 'cout' was not declared in this scope
     cout << "  ";
     ^~~~
../src/main.cc: In member function 'void Ball::ob()':
../src/main.cc:112:5: error: 'player1' was not declared in this scope
     player1.goal();
     ^~~~~~~
../src/main.cc:112:5: note: suggested alternative: 'Player'
     player1.goal();
     ^~~~~~~
     Player
../src/main.cc:116:5: error: 'player2' was not declared in this scope
     player2.goal();
     ^~~~~~~
../src/main.cc:116:5: note: suggested alternative: 'Player'
     player2.goal();
     ^~~~~~~
     Player
../src/main.cc:119:8: error: 'player1' was not declared in this scope
    if (player1.getScore() == 5 || player2.getScore() == 5) {
        ^~~~~~~
../src/main.cc:119:8: note: suggested alternative: 'Player'
    if (player1.getScore() == 5 || player2.getScore() == 5) {
        ^~~~~~~
        Player
../src/main.cc:119:35: error: 'player2' was not declared in this scope
    if (player1.getScore() == 5 || player2.getScore() == 5) {
                                   ^~~~~~~
../src/main.cc:119:35: note: suggested alternative: 'Player'
    if (player1.getScore() == 5 || player2.getScore() == 5) {
                                   ^~~~~~~
                                   Player
../src/main.cc: In member function 'void Ball::rebound()':
../src/main.cc:130:42: error: 'player2' was not declared in this scope
    if ((x >= PLAYER_2_BAR_X - 2) && (y > player2.getBarYtop() && y <= player2.getBarYbottom())) { // right bar
                                          ^~~~~~~
../src/main.cc:130:42: note: suggested alternative: 'Player'
    if ((x >= PLAYER_2_BAR_X - 2) && (y > player2.getBarYtop() && y <= player2.getBarYbottom())) { // right bar
                                          ^~~~~~~
                                          Player
../src/main.cc:133:42: error: 'player1' was not declared in this scope
    if ((x <= PLAYER_1_BAR_X + 2) && (y > player1.getBarYtop() && y <= player1.getBarYbottom())) { // left bar
                                          ^~~~~~~
../src/main.cc:133:42: note: suggested alternative: 'Player'
    if ((x <= PLAYER_1_BAR_X + 2) && (y > player1.getBarYtop() && y <= player1.getBarYbottom())) { // left bar
                                          ^~~~~~~
                                          Player
make: *** [src/subdir.mk:23: src/main.o] Error 1
13:59:58 **** Auto Build of configuration Debug for project Final ****
make pre-build main-build 
a9-linaro-pre-build-step
' '
'Building file: ../src/main.cc'
'Invoking: ARM v7 g++ compiler'
arm-none-eabi-g++ -Wall -O0 -g3 -c -fmessage-length=0 -MT"src/main.o" -mcpu=cortex-a9 -mfpu=vfpv3 -mfloat-abi=hard -I../../Final_bsp/ps7_cortexa9_0/include -MMD -MP -MF"src/main.d" -MT"src/main.o" -o "src/main.o" "../src/main.cc"
../src/main.cc:10:10: fatal error: Windows.h: No such file or directory
 #include <Windows.h>
          ^~~~~~~~~~~
compilation terminated.
make: *** [src/subdir.mk:23: src/main.o] Error 1
14:00:13 **** Auto Build of configuration Debug for project Final ****
make pre-build main-build 
a9-linaro-pre-build-step
' '
'Building file: ../src/main.cc'
'Invoking: ARM v7 g++ compiler'
arm-none-eabi-g++ -Wall -O0 -g3 -c -fmessage-length=0 -MT"src/main.o" -mcpu=cortex-a9 -mfpu=vfpv3 -mfloat-abi=hard -I../../Final_bsp/ps7_cortexa9_0/include -MMD -MP -MF"src/main.d" -MT"src/main.o" -o "src/main.o" "../src/main.cc"
../src/main.cc: In function 'void initialize()':
../src/main.cc:27:5: error: 'player1' was not declared in this scope
     player1.setScore(0);
     ^~~~~~~
../src/main.cc:27:5: note: suggested alternative: 'clearerr'
     player1.setScore(0);
     ^~~~~~~
     clearerr
../src/main.cc:28:5: error: 'player2' was not declared in this scope
     player2.setScore(0);
     ^~~~~~~
../src/main.cc:28:5: note: suggested alternative: 'clearerr'
     player2.setScore(0);
     ^~~~~~~
     clearerr
../src/main.cc:29:5: error: 'ball' was not declared in this scope
     ball.setMoveX(-0.1);
     ^~~~
../src/main.cc:29:5: note: suggested alternative: 'bool'
     ball.setMoveX(-0.1);
     ^~~~
     bool
../src/main.cc: In member function 'void Player::barUp()':
../src/main.cc:87:5: error: 'gotoxy' was not declared in this scope
     gotoxy(getBarX(), getBarYbottom());
     ^~~~~~
../src/main.cc:88:5: error: 'cout' was not declared in this scope
     cout << "  ";
     ^~~~
../src/main.cc: In member function 'void Player::barDown()':
../src/main.cc:96:11: error: 'gotoxy' was not declared in this scope
           gotoxy(getBarX(), getBarYtop());
           ^~~~~~
../src/main.cc:97:5: error: 'cout' was not declared in this scope
     cout << "  ";
     ^~~~
../src/main.cc: In member function 'void Ball::ob()':
../src/main.cc:113:5: error: 'player1' was not declared in this scope
     player1.goal();
     ^~~~~~~
../src/main.cc:113:5: note: suggested alternative: 'Player'
     player1.goal();
     ^~~~~~~
     Player
../src/main.cc:117:5: error: 'player2' was not declared in this scope
     player2.goal();
     ^~~~~~~
../src/main.cc:117:5: note: suggested alternative: 'Player'
     player2.goal();
     ^~~~~~~
     Player
../src/main.cc:120:8: error: 'player1' was not declared in this scope
    if (player1.getScore() == 5 || player2.getScore() == 5) {
        ^~~~~~~
../src/main.cc:120:8: note: suggested alternative: 'Player'
    if (player1.getScore() == 5 || player2.getScore() == 5) {
        ^~~~~~~
        Player
../src/main.cc:120:35: error: 'player2' was not declared in this scope
    if (player1.getScore() == 5 || player2.getScore() == 5) {
                                   ^~~~~~~
../src/main.cc:120:35: note: suggested alternative: 'Player'
    if (player1.getScore() == 5 || player2.getScore() == 5) {
                                   ^~~~~~~
                                   Player
../src/main.cc: In member function 'void Ball::rebound()':
../src/main.cc:131:42: error: 'player2' was not declared in this scope
    if ((x >= PLAYER_2_BAR_X - 2) && (y > player2.getBarYtop() && y <= player2.getBarYbottom())) { // right bar
                                          ^~~~~~~
../src/main.cc:131:42: note: suggested alternative: 'Player'
    if ((x >= PLAYER_2_BAR_X - 2) && (y > player2.getBarYtop() && y <= player2.getBarYbottom())) { // right bar
                                          ^~~~~~~
                                          Player
../src/main.cc:134:42: error: 'player1' was not declared in this scope
    if ((x <= PLAYER_1_BAR_X + 2) && (y > player1.getBarYtop() && y <= player1.getBarYbottom())) { // left bar
                                          ^~~~~~~
../src/main.cc:134:42: note: suggested alternative: 'Player'
    if ((x <= PLAYER_1_BAR_X + 2) && (y > player1.getBarYtop() && y <= player1.getBarYbottom())) { // left bar
                                          ^~~~~~~
                                          Player
make: *** [src/subdir.mk:23: src/main.o] Error 1
14:00:45 **** Auto Build of configuration Debug for project Final ****
make pre-build main-build 
a9-linaro-pre-build-step
' '
'Building file: ../src/main.cc'
'Invoking: ARM v7 g++ compiler'
arm-none-eabi-g++ -Wall -O0 -g3 -c -fmessage-length=0 -MT"src/main.o" -mcpu=cortex-a9 -mfpu=vfpv3 -mfloat-abi=hard -I../../Final_bsp/ps7_cortexa9_0/include -MMD -MP -MF"src/main.d" -MT"src/main.o" -o "src/main.o" "../src/main.cc"
../src/main.cc: In function 'void initialize()':
../src/main.cc:27:5: error: 'player1' was not declared in this scope
     player1.setScore(0);
     ^~~~~~~
../src/main.cc:27:5: note: suggested alternative: 'clearerr'
     player1.setScore(0);
     ^~~~~~~
     clearerr
../src/main.cc:28:5: error: 'player2' was not declared in this scope
     player2.setScore(0);
     ^~~~~~~
../src/main.cc:28:5: note: suggested alternative: 'clearerr'
     player2.setScore(0);
     ^~~~~~~
     clearerr
../src/main.cc:29:5: error: 'ball' was not declared in this scope
     ball.setMoveX(-0.1);
     ^~~~
../src/main.cc:29:5: note: suggested alternative: 'bool'
     ball.setMoveX(-0.1);
     ^~~~
     bool
make: *** [src/subdir.mk:23: src/main.o] Error 1
14:01:26 **** Auto Build of configuration Debug for project Final ****
make pre-build main-build 
a9-linaro-pre-build-step
' '
'Building file: ../src/main.cc'
'Invoking: ARM v7 g++ compiler'
arm-none-eabi-g++ -Wall -O0 -g3 -c -fmessage-length=0 -MT"src/main.o" -mcpu=cortex-a9 -mfpu=vfpv3 -mfloat-abi=hard -I../../Final_bsp/ps7_cortexa9_0/include -MMD -MP -MF"src/main.d" -MT"src/main.o" -o "src/main.o" "../src/main.cc"
../src/main.cc: In member function 'void Ball::ob()':
../src/main.cc:116:5: error: 'initialize' was not declared in this scope
     initialize();
     ^~~~~~~~~~
../src/main.cc:116:5: note: suggested alternative: 'XGpio_Initialize'
     initialize();
     ^~~~~~~~~~
     XGpio_Initialize
make: *** [src/subdir.mk:23: src/main.o] Error 1
14:02:10 **** Auto Build of configuration Debug for project Final ****
make pre-build main-build 
a9-linaro-pre-build-step
' '
'Building file: ../src/main.cc'
'Invoking: ARM v7 g++ compiler'
arm-none-eabi-g++ -Wall -O0 -g3 -c -fmessage-length=0 -MT"src/main.o" -mcpu=cortex-a9 -mfpu=vfpv3 -mfloat-abi=hard -I../../Final_bsp/ps7_cortexa9_0/include -MMD -MP -MF"src/main.d" -MT"src/main.o" -o "src/main.o" "../src/main.cc"
'Finished building: ../src/main.cc'
' '
'Building target: Final.elf'
'Invoking: ARM v7 g++ linker'
arm-none-eabi-g++ -mcpu=cortex-a9 -mfpu=vfpv3 -mfloat-abi=hard -Wl,-build-id=none -specs=Xilinx.spec -Wl,-T -Wl,../src/lscript.ld -L../../Final_bsp/ps7_cortexa9_0/lib -o "Final.elf"  ./src/main.o   -Wl,--start-group,-lxil,-lgcc,-lc,-lstdc++,--end-group
'Finished building target: Final.elf'
' '
'Invoking: ARM v7 Print Size'
arm-none-eabi-size Final.elf  |tee "Final.elf.size"
   text	   data	    bss	    dec	    hex	filename
  84184	   3376	  23472	 111032	  1b1b8	Final.elf
'Finished building: Final.elf.size'
' '
14:14:39 **** Auto Build of configuration Debug for project Final ****
make pre-build main-build 
a9-linaro-pre-build-step
' '
'Building file: ../src/main.cc'
'Invoking: ARM v7 g++ compiler'
arm-none-eabi-g++ -Wall -O0 -g3 -c -fmessage-length=0 -MT"src/main.o" -mcpu=cortex-a9 -mfpu=vfpv3 -mfloat-abi=hard -I../../Final_bsp/ps7_cortexa9_0/include -MMD -MP -MF"src/main.d" -MT"src/main.o" -o "src/main.o" "../src/main.cc"
../src/main.cc: In function 'int main()':
../src/main.cc:205:12: error: 'Player::Bar Player::bar' is private within this context
    player1.bar.up();
            ^~~
../src/main.cc:52:10: note: declared private here
      Bar bar;
          ^~~
../src/main.cc:208:12: error: 'Player::Bar Player::bar' is private within this context
    player1.bar.down();
            ^~~
../src/main.cc:52:10: note: declared private here
      Bar bar;
          ^~~
../src/main.cc:214:12: error: 'Player::Bar Player::bar' is private within this context
    player2.bar.up();
            ^~~
../src/main.cc:52:10: note: declared private here
      Bar bar;
          ^~~
../src/main.cc:217:12: error: 'Player::Bar Player::bar' is private within this context
    player2.bar.down();
            ^~~
../src/main.cc:52:10: note: declared private here
      Bar bar;
          ^~~
../src/main.cc:220:73: error: 'double Ball::x' is private within this context
   printf("ballx¡G%d , bally¡G%d , player1y¡G %d , player2y¡G%d \n",ball.x,ball.y,player1.bar.y,player2.bar.y);
                                                                         ^
../src/main.cc:105:10: note: declared private here
   double x, y, moveX, moveY;
          ^
../src/main.cc:220:80: error: 'double Ball::y' is private within this context
   printf("ballx¡G%d , bally¡G%d , player1y¡G %d , player2y¡G%d \n",ball.x,ball.y,player1.bar.y,player2.bar.y);
                                                                                ^
../src/main.cc:105:13: note: declared private here
   double x, y, moveX, moveY;
             ^
../src/main.cc:220:90: error: 'Player::Bar Player::bar' is private within this context
   printf("ballx¡G%d , bally¡G%d , player1y¡G %d , player2y¡G%d \n",ball.x,ball.y,player1.bar.y,player2.bar.y);
                                                                                          ^~~
../src/main.cc:52:10: note: declared private here
      Bar bar;
          ^~~
../src/main.cc:220:94: error: 'int Player::Bar::y' is private within this context
   printf("ballx¡G%d , bally¡G%d , player1y¡G %d , player2y¡G%d \n",ball.x,ball.y,player1.bar.y,player2.bar.y);
                                                                                              ^
../src/main.cc:31:35: note: declared private here
             int y = HEIGHT / 2  - 2 ;
                                   ^
../src/main.cc:220:104: error: 'Player::Bar Player::bar' is private within this context
   printf("ballx¡G%d , bally¡G%d , player1y¡G %d , player2y¡G%d \n",ball.x,ball.y,player1.bar.y,player2.bar.y);
                                                                                                        ^~~
../src/main.cc:52:10: note: declared private here
      Bar bar;
          ^~~
../src/main.cc:220:108: error: 'int Player::Bar::y' is private within this context
   printf("ballx¡G%d , bally¡G%d , player1y¡G %d , player2y¡G%d \n",ball.x,ball.y,player1.bar.y,player2.bar.y);
                                                                                                            ^
../src/main.cc:31:35: note: declared private here
             int y = HEIGHT / 2  - 2 ;
                                   ^
../src/main.cc:220:109: warning: format '%d' expects argument of type 'int', but argument 2 has type 'double' [-Wformat=]
   printf("ballx¡G%d , bally¡G%d , player1y¡G %d , player2y¡G%d \n",ball.x,ball.y,player1.bar.y,player2.bar.y);
                                                                    ~~~~~~                                   ^
../src/main.cc:220:109: warning: format '%d' expects argument of type 'int', but argument 3 has type 'double' [-Wformat=]
../src/main.cc: At global scope:
../src/main.cc:181:12: warning: 'Intr_CTN' defined but not used [-Wunused-variable]
 static int Intr_CTN;
            ^~~~~~~~
make: *** [src/subdir.mk:23: src/main.o] Error 1
14:15:10 **** Auto Build of configuration Debug for project Final ****
make pre-build main-build 
a9-linaro-pre-build-step
' '
'Building file: ../src/main.cc'
'Invoking: ARM v7 g++ compiler'
arm-none-eabi-g++ -Wall -O0 -g3 -c -fmessage-length=0 -MT"src/main.o" -mcpu=cortex-a9 -mfpu=vfpv3 -mfloat-abi=hard -I../../Final_bsp/ps7_cortexa9_0/include -MMD -MP -MF"src/main.d" -MT"src/main.o" -o "src/main.o" "../src/main.cc"
../src/main.cc: In function 'int main()':
../src/main.cc:205:12: error: 'Player::Bar Player::bar' is private within this context
    player1.bar.up();
            ^~~
../src/main.cc:52:10: note: declared private here
      Bar bar;
          ^~~
../src/main.cc:208:12: error: 'Player::Bar Player::bar' is private within this context
    player1.bar.down();
            ^~~
../src/main.cc:52:10: note: declared private here
      Bar bar;
          ^~~
../src/main.cc:214:12: error: 'Player::Bar Player::bar' is private within this context
    player2.bar.up();
            ^~~
../src/main.cc:52:10: note: declared private here
      Bar bar;
          ^~~
../src/main.cc:217:12: error: 'Player::Bar Player::bar' is private within this context
    player2.bar.down();
            ^~~
../src/main.cc:52:10: note: declared private here
      Bar bar;
          ^~~
../src/main.cc:220:73: error: 'double Ball::x' is private within this context
   printf("ballx¡G%d , bally¡G%d , player1y¡G %d , player2y¡G%d \n",ball.x,ball.y,player1.bar.y,player2.bar.y);
                                                                         ^
../src/main.cc:105:10: note: declared private here
   double x, y, moveX, moveY;
          ^
../src/main.cc:220:80: error: 'double Ball::y' is private within this context
   printf("ballx¡G%d , bally¡G%d , player1y¡G %d , player2y¡G%d \n",ball.x,ball.y,player1.bar.y,player2.bar.y);
                                                                                ^
../src/main.cc:105:13: note: declared private here
   double x, y, moveX, moveY;
             ^
../src/main.cc:220:90: error: 'Player::Bar Player::bar' is private within this context
   printf("ballx¡G%d , bally¡G%d , player1y¡G %d , player2y¡G%d \n",ball.x,ball.y,player1.bar.y,player2.bar.y);
                                                                                          ^~~
../src/main.cc:52:10: note: declared private here
      Bar bar;
          ^~~
../src/main.cc:220:104: error: 'Player::Bar Player::bar' is private within this context
   printf("ballx¡G%d , bally¡G%d , player1y¡G %d , player2y¡G%d \n",ball.x,ball.y,player1.bar.y,player2.bar.y);
                                                                                                        ^~~
../src/main.cc:52:10: note: declared private here
      Bar bar;
          ^~~
../src/main.cc:220:109: warning: format '%d' expects argument of type 'int', but argument 2 has type 'double' [-Wformat=]
   printf("ballx¡G%d , bally¡G%d , player1y¡G %d , player2y¡G%d \n",ball.x,ball.y,player1.bar.y,player2.bar.y);
                                                                    ~~~~~~                                   ^
../src/main.cc:220:109: warning: format '%d' expects argument of type 'int', but argument 3 has type 'double' [-Wformat=]
../src/main.cc: At global scope:
../src/main.cc:181:12: warning: 'Intr_CTN' defined but not used [-Wunused-variable]
 static int Intr_CTN;
            ^~~~~~~~
make: *** [src/subdir.mk:23: src/main.o] Error 1
14:15:39 **** Auto Build of configuration Debug for project Final ****
make pre-build main-build 
a9-linaro-pre-build-step
' '
'Building file: ../src/main.cc'
'Invoking: ARM v7 g++ compiler'
arm-none-eabi-g++ -Wall -O0 -g3 -c -fmessage-length=0 -MT"src/main.o" -mcpu=cortex-a9 -mfpu=vfpv3 -mfloat-abi=hard -I../../Final_bsp/ps7_cortexa9_0/include -MMD -MP -MF"src/main.d" -MT"src/main.o" -o "src/main.o" "../src/main.cc"
../src/main.cc: In function 'int main()':
../src/main.cc:220:73: error: 'double Ball::x' is private within this context
   printf("ballx¡G%d , bally¡G%d , player1y¡G %d , player2y¡G%d \n",ball.x,ball.y,player1.bar.y,player2.bar.y);
                                                                         ^
../src/main.cc:105:10: note: declared private here
   double x, y, moveX, moveY;
          ^
../src/main.cc:220:80: error: 'double Ball::y' is private within this context
   printf("ballx¡G%d , bally¡G%d , player1y¡G %d , player2y¡G%d \n",ball.x,ball.y,player1.bar.y,player2.bar.y);
                                                                                ^
../src/main.cc:105:13: note: declared private here
   double x, y, moveX, moveY;
             ^
../src/main.cc:220:109: warning: format '%d' expects argument of type 'int', but argument 2 has type 'double' [-Wformat=]
   printf("ballx¡G%d , bally¡G%d , player1y¡G %d , player2y¡G%d \n",ball.x,ball.y,player1.bar.y,player2.bar.y);
                                                                    ~~~~~~                                   ^
../src/main.cc:220:109: warning: format '%d' expects argument of type 'int', but argument 3 has type 'double' [-Wformat=]
make: *** [src/subdir.mk:23: src/main.o] Error 1
14:16:02 **** Auto Build of configuration Debug for project Final ****
make pre-build main-build 
a9-linaro-pre-build-step
' '
'Building file: ../src/main.cc'
'Invoking: ARM v7 g++ compiler'
arm-none-eabi-g++ -Wall -O0 -g3 -c -fmessage-length=0 -MT"src/main.o" -mcpu=cortex-a9 -mfpu=vfpv3 -mfloat-abi=hard -I../../Final_bsp/ps7_cortexa9_0/include -MMD -MP -MF"src/main.d" -MT"src/main.o" -o "src/main.o" "../src/main.cc"
../src/main.cc: In function 'int main()':
../src/main.cc:220:109: warning: format '%d' expects argument of type 'int', but argument 2 has type 'double' [-Wformat=]
   printf("ballx¡G%d , bally¡G%d , player1y¡G %d , player2y¡G%d \n",ball.x,ball.y,player1.bar.y,player2.bar.y);
                                                                    ~~~~~~                                   ^
../src/main.cc:220:109: warning: format '%d' expects argument of type 'int', but argument 3 has type 'double' [-Wformat=]
'Finished building: ../src/main.cc'
' '
'Building target: Final.elf'
'Invoking: ARM v7 g++ linker'
arm-none-eabi-g++ -mcpu=cortex-a9 -mfpu=vfpv3 -mfloat-abi=hard -Wl,-build-id=none -specs=Xilinx.spec -Wl,-T -Wl,../src/lscript.ld -L../../Final_bsp/ps7_cortexa9_0/lib -o "Final.elf"  ./src/main.o   -Wl,--start-group,-lxil,-lgcc,-lc,-lstdc++,--end-group
'Finished building target: Final.elf'
' '
'Invoking: ARM v7 Print Size'
arm-none-eabi-size Final.elf  |tee "Final.elf.size"
   text	   data	    bss	    dec	    hex	filename
  80720	   2600	  23472	 106792	  1a128	Final.elf
'Finished building: Final.elf.size'
' '
14:16:49 **** Incremental Build of configuration Debug for project Final ****
make pre-build main-build 
a9-linaro-pre-build-step
' '
make: Nothing to be done for 'main-build'.
14:18:47 **** Incremental Build of configuration Debug for project Final ****
make pre-build main-build 
a9-linaro-pre-build-step
' '
'Building file: ../src/main.cc'
'Invoking: ARM v7 g++ compiler'
arm-none-eabi-g++ -Wall -O0 -g3 -c -fmessage-length=0 -MT"src/main.o" -mcpu=cortex-a9 -mfpu=vfpv3 -mfloat-abi=hard -I../../Final_bsp/ps7_cortexa9_0/include -MMD -MP -MF"src/main.d" -MT"src/main.o" -o "src/main.o" "../src/main.cc"
../src/main.cc: In function 'int main()':
../src/main.cc:221:109: warning: format '%d' expects argument of type 'int', but argument 2 has type 'double' [-Wformat=]
   printf("ballx¡G%d , bally¡G%d , player1y¡G %d , player2y¡G%d \n",ball.x,ball.y,player1.bar.y,player2.bar.y);
                                                                    ~~~~~~                                   ^
../src/main.cc:221:109: warning: format '%d' expects argument of type 'int', but argument 3 has type 'double' [-Wformat=]
'Finished building: ../src/main.cc'
' '
'Building target: Final.elf'
'Invoking: ARM v7 g++ linker'
arm-none-eabi-g++ -mcpu=cortex-a9 -mfpu=vfpv3 -mfloat-abi=hard -Wl,-build-id=none -specs=Xilinx.spec -Wl,-T -Wl,../src/lscript.ld -L../../Final_bsp/ps7_cortexa9_0/lib -o "Final.elf"  ./src/main.o   -Wl,--start-group,-lxil,-lgcc,-lc,-lstdc++,--end-group
'Finished building target: Final.elf'
' '
'Invoking: ARM v7 Print Size'
arm-none-eabi-size Final.elf  |tee "Final.elf.size"
   text	   data	    bss	    dec	    hex	filename
  80720	   2600	  23472	 106792	  1a128	Final.elf
'Finished building: Final.elf.size'
' '
14:24:28 **** Auto Build of configuration Debug for project Final ****
make pre-build main-build 
a9-linaro-pre-build-step
' '
'Building file: ../src/main.cc'
'Invoking: ARM v7 g++ compiler'
arm-none-eabi-g++ -Wall -O0 -g3 -c -fmessage-length=0 -MT"src/main.o" -mcpu=cortex-a9 -mfpu=vfpv3 -mfloat-abi=hard -I../../Final_bsp/ps7_cortexa9_0/include -MMD -MP -MF"src/main.d" -MT"src/main.o" -o "src/main.o" "../src/main.cc"
../src/main.cc: In function 'int main()':
../src/main.cc:206:12: error: 'class Player' has no member named 'barUp'; did you mean 'bar'?
    player1.barUp();
            ^~~~~
            bar
../src/main.cc:209:12: error: 'class Player' has no member named 'barDown'
    player1.barDown();
            ^~~~~~~
../src/main.cc:215:12: error: 'class Player' has no member named 'barUp'; did you mean 'bar'?
    player2.barUp();
            ^~~~~
            bar
../src/main.cc:218:12: error: 'class Player' has no member named 'barDown'
    player2.barDown();
            ^~~~~~~
make: *** [src/subdir.mk:23: src/main.o] Error 1
14:29:03 **** Auto Build of configuration Debug for project Final ****
make pre-build main-build 
a9-linaro-pre-build-step
' '
'Building file: ../src/main.cc'
'Invoking: ARM v7 g++ compiler'
arm-none-eabi-g++ -Wall -O0 -g3 -c -fmessage-length=0 -MT"src/main.o" -mcpu=cortex-a9 -mfpu=vfpv3 -mfloat-abi=hard -I../../Final_bsp/ps7_cortexa9_0/include -MMD -MP -MF"src/main.d" -MT"src/main.o" -o "src/main.o" "../src/main.cc"
'Finished building: ../src/main.cc'
' '
'Building target: Final.elf'
'Invoking: ARM v7 g++ linker'
arm-none-eabi-g++ -mcpu=cortex-a9 -mfpu=vfpv3 -mfloat-abi=hard -Wl,-build-id=none -specs=Xilinx.spec -Wl,-T -Wl,../src/lscript.ld -L../../Final_bsp/ps7_cortexa9_0/lib -o "Final.elf"  ./src/main.o   -Wl,--start-group,-lxil,-lgcc,-lc,-lstdc++,--end-group
'Finished building target: Final.elf'
' '
'Invoking: ARM v7 Print Size'
arm-none-eabi-size Final.elf  |tee "Final.elf.size"
   text	   data	    bss	    dec	    hex	filename
  80936	   2600	  23472	 107008	  1a200	Final.elf
'Finished building: Final.elf.size'
' '
14:29:28 **** Incremental Build of configuration Debug for project Final ****
make pre-build main-build 
a9-linaro-pre-build-step
' '
make: Nothing to be done for 'main-build'.
14:32:30 **** Incremental Build of configuration Debug for project Final ****
make pre-build main-build 
a9-linaro-pre-build-step
' '
'Building file: ../src/main.cc'
'Invoking: ARM v7 g++ compiler'
arm-none-eabi-g++ -Wall -O0 -g3 -c -fmessage-length=0 -MT"src/main.o" -mcpu=cortex-a9 -mfpu=vfpv3 -mfloat-abi=hard -I../../Final_bsp/ps7_cortexa9_0/include -MMD -MP -MF"src/main.d" -MT"src/main.o" -o "src/main.o" "../src/main.cc"
'Finished building: ../src/main.cc'
' '
'Building target: Final.elf'
'Invoking: ARM v7 g++ linker'
arm-none-eabi-g++ -mcpu=cortex-a9 -mfpu=vfpv3 -mfloat-abi=hard -Wl,-build-id=none -specs=Xilinx.spec -Wl,-T -Wl,../src/lscript.ld -L../../Final_bsp/ps7_cortexa9_0/lib -o "Final.elf"  ./src/main.o   -Wl,--start-group,-lxil,-lgcc,-lc,-lstdc++,--end-group
'Finished building target: Final.elf'
' '
'Invoking: ARM v7 Print Size'
arm-none-eabi-size Final.elf  |tee "Final.elf.size"
   text	   data	    bss	    dec	    hex	filename
  80936	   2600	  23472	 107008	  1a200	Final.elf
'Finished building: Final.elf.size'
' '
14:34:34 **** Auto Build of configuration Debug for project Final ****
make pre-build main-build 
a9-linaro-pre-build-step
' '
'Building file: ../src/main.cc'
'Invoking: ARM v7 g++ compiler'
arm-none-eabi-g++ -Wall -O0 -g3 -c -fmessage-length=0 -MT"src/main.o" -mcpu=cortex-a9 -mfpu=vfpv3 -mfloat-abi=hard -I../../Final_bsp/ps7_cortexa9_0/include -MMD -MP -MF"src/main.d" -MT"src/main.o" -o "src/main.o" "../src/main.cc"
'Finished building: ../src/main.cc'
' '
'Building target: Final.elf'
'Invoking: ARM v7 g++ linker'
arm-none-eabi-g++ -mcpu=cortex-a9 -mfpu=vfpv3 -mfloat-abi=hard -Wl,-build-id=none -specs=Xilinx.spec -Wl,-T -Wl,../src/lscript.ld -L../../Final_bsp/ps7_cortexa9_0/lib -o "Final.elf"  ./src/main.o   -Wl,--start-group,-lxil,-lgcc,-lc,-lstdc++,--end-group
'Finished building target: Final.elf'
' '
'Invoking: ARM v7 Print Size'
arm-none-eabi-size Final.elf  |tee "Final.elf.size"
   text	   data	    bss	    dec	    hex	filename
  80968	   2600	  23472	 107040	  1a220	Final.elf
'Finished building: Final.elf.size'
' '
14:34:55 **** Incremental Build of configuration Debug for project Final ****
make pre-build main-build 
a9-linaro-pre-build-step
' '
'Building file: ../src/main.cc'
'Invoking: ARM v7 g++ compiler'
arm-none-eabi-g++ -Wall -O0 -g3 -c -fmessage-length=0 -MT"src/main.o" -mcpu=cortex-a9 -mfpu=vfpv3 -mfloat-abi=hard -I../../Final_bsp/ps7_cortexa9_0/include -MMD -MP -MF"src/main.d" -MT"src/main.o" -o "src/main.o" "../src/main.cc"
'Finished building: ../src/main.cc'
' '
'Building target: Final.elf'
'Invoking: ARM v7 g++ linker'
arm-none-eabi-g++ -mcpu=cortex-a9 -mfpu=vfpv3 -mfloat-abi=hard -Wl,-build-id=none -specs=Xilinx.spec -Wl,-T -Wl,../src/lscript.ld -L../../Final_bsp/ps7_cortexa9_0/lib -o "Final.elf"  ./src/main.o   -Wl,--start-group,-lxil,-lgcc,-lc,-lstdc++,--end-group
'Finished building target: Final.elf'
' '
'Invoking: ARM v7 Print Size'
arm-none-eabi-size Final.elf  |tee "Final.elf.size"
   text	   data	    bss	    dec	    hex	filename
  80968	   2600	  23472	 107040	  1a220	Final.elf
'Finished building: Final.elf.size'
' '
14:41:36 **** Incremental Build of configuration Debug for project Final ****
make pre-build main-build 
a9-linaro-pre-build-step
' '
'Building file: ../src/main.cc'
'Invoking: ARM v7 g++ compiler'
arm-none-eabi-g++ -Wall -O0 -g3 -c -fmessage-length=0 -MT"src/main.o" -mcpu=cortex-a9 -mfpu=vfpv3 -mfloat-abi=hard -I../../Final_bsp/ps7_cortexa9_0/include -MMD -MP -MF"src/main.d" -MT"src/main.o" -o "src/main.o" "../src/main.cc"
'Finished building: ../src/main.cc'
' '
'Building target: Final.elf'
'Invoking: ARM v7 g++ linker'
arm-none-eabi-g++ -mcpu=cortex-a9 -mfpu=vfpv3 -mfloat-abi=hard -Wl,-build-id=none -specs=Xilinx.spec -Wl,-T -Wl,../src/lscript.ld -L../../Final_bsp/ps7_cortexa9_0/lib -o "Final.elf"  ./src/main.o   -Wl,--start-group,-lxil,-lgcc,-lc,-lstdc++,--end-group
[...]
"Running Make include in ps7_cortexa9_0/libsrc/scugic_v3_10/src"
make -C ps7_cortexa9_0/libsrc/scugic_v3_10/src -s include  "SHELL=CMD" "COMPILER=arm-none-eabi-gcc" "ARCHIVER=arm-none-eabi-ar" "COMPILER_FLAGS=  -O2 -c" "EXTRA_COMPILER_FLAGS=-mcpu=cortex-a9 -mfpu=vfpv3 -mfloat-abi=hard -nostartfiles -g -Wall -Wextra"
"Running Make include in ps7_cortexa9_0/libsrc/scutimer_v2_1/src"
make -C ps7_cortexa9_0/libsrc/scutimer_v2_1/src -s include  "SHELL=CMD" "COMPILER=arm-none-eabi-gcc" "ARCHIVER=arm-none-eabi-ar" "COMPILER_FLAGS=  -O2 -c" "EXTRA_COMPILER_FLAGS=-mcpu=cortex-a9 -mfpu=vfpv3 -mfloat-abi=hard -nostartfiles -g -Wall -Wextra"
"Running Make include in ps7_cortexa9_0/libsrc/scuwdt_v2_1/src"
make -C ps7_cortexa9_0/libsrc/scuwdt_v2_1/src -s include  "SHELL=CMD" "COMPILER=arm-none-eabi-gcc" "ARCHIVER=arm-none-eabi-ar" "COMPILER_FLAGS=  -O2 -c" "EXTRA_COMPILER_FLAGS=-mcpu=cortex-a9 -mfpu=vfpv3 -mfloat-abi=hard -nostartfiles -g -Wall -Wextra"
"Running Make include in ps7_cortexa9_0/libsrc/sdps_v3_6/src"
make -C ps7_cortexa9_0/libsrc/sdps_v3_6/src -s include  "SHELL=CMD" "COMPILER=arm-none-eabi-gcc" "ARCHIVER=arm-none-eabi-ar" "COMPILER_FLAGS=  -O2 -c" "EXTRA_COMPILER_FLAGS=-mcpu=cortex-a9 -mfpu=vfpv3 -mfloat-abi=hard -nostartfiles -g -Wall -Wextra"
"Running Make include in ps7_cortexa9_0/libsrc/standalone_v6_8/src"
make -C ps7_cortexa9_0/libsrc/standalone_v6_8/src -s include  "SHELL=CMD" "COMPILER=arm-none-eabi-gcc" "ARCHIVER=arm-none-eabi-ar" "COMPILER_FLAGS=  -O2 -c" "EXTRA_COMPILER_FLAGS=-mcpu=cortex-a9 -mfpu=vfpv3 -mfloat-abi=hard -nostartfiles -g -Wall -Wextra"
"Running Make include in ps7_cortexa9_0/libsrc/uartps_v3_7/src"
make -C ps7_cortexa9_0/libsrc/uartps_v3_7/src -s include  "SHELL=CMD" "COMPILER=arm-none-eabi-gcc" "ARCHIVER=arm-none-eabi-ar" "COMPILER_FLAGS=  -O2 -c" "EXTRA_COMPILER_FLAGS=-mcpu=cortex-a9 -mfpu=vfpv3 -mfloat-abi=hard -nostartfiles -g -Wall -Wextra"
"Running Make include in ps7_cortexa9_0/libsrc/usbps_v2_4/src"
make -C ps7_cortexa9_0/libsrc/usbps_v2_4/src -s include  "SHELL=CMD" "COMPILER=arm-none-eabi-gcc" "ARCHIVER=arm-none-eabi-ar" "COMPILER_FLAGS=  -O2 -c" "EXTRA_COMPILER_FLAGS=-mcpu=cortex-a9 -mfpu=vfpv3 -mfloat-abi=hard -nostartfiles -g -Wall -Wextra"
"Running Make include in ps7_cortexa9_0/libsrc/wdtps_v3_1/src"
make -C ps7_cortexa9_0/libsrc/wdtps_v3_1/src -s include  "SHELL=CMD" "COMPILER=arm-none-eabi-gcc" "ARCHIVER=arm-none-eabi-ar" "COMPILER_FLAGS=  -O2 -c" "EXTRA_COMPILER_FLAGS=-mcpu=cortex-a9 -mfpu=vfpv3 -mfloat-abi=hard -nostartfiles -g -Wall -Wextra"
"Running Make include in ps7_cortexa9_0/libsrc/xadcps_v2_3/src"
make -C ps7_cortexa9_0/libsrc/xadcps_v2_3/src -s include  "SHELL=CMD" "COMPILER=arm-none-eabi-gcc" "ARCHIVER=arm-none-eabi-ar" "COMPILER_FLAGS=  -O2 -c" "EXTRA_COMPILER_FLAGS=-mcpu=cortex-a9 -mfpu=vfpv3 -mfloat-abi=hard -nostartfiles -g -Wall -Wextra"
"Running Make libs in ps7_cortexa9_0/libsrc/coresightps_dcc_v1_4/src"
make -C ps7_cortexa9_0/libsrc/coresightps_dcc_v1_4/src -s libs  "SHELL=CMD" "COMPILER=arm-none-eabi-gcc" "ARCHIVER=arm-none-eabi-ar" "COMPILER_FLAGS=  -O2 -c" "EXTRA_COMPILER_FLAGS=-mcpu=cortex-a9 -mfpu=vfpv3 -mfloat-abi=hard -nostartfiles -g -Wall -Wextra"
"Compiling coresightps_dcc"
"Running Make libs in ps7_cortexa9_0/libsrc/cpu_cortexa9_v2_7/src"
make -C ps7_cortexa9_0/libsrc/cpu_cortexa9_v2_7/src -s libs  "SHELL=CMD" "COMPILER=arm-none-eabi-gcc" "ARCHIVER=arm-none-eabi-ar" "COMPILER_FLAGS=  -O2 -c" "EXTRA_COMPILER_FLAGS=-mcpu=cortex-a9 -mfpu=vfpv3 -mfloat-abi=hard -nostartfiles -g -Wall -Wextra"
"Compiling cpu_cortexa9"
"Running Make libs in ps7_cortexa9_0/libsrc/ddrps_v1_0/src"
make -C ps7_cortexa9_0/libsrc/ddrps_v1_0/src -s libs  "SHELL=CMD" "COMPILER=arm-none-eabi-gcc" "ARCHIVER=arm-none-eabi-ar" "COMPILER_FLAGS=  -O2 -c" "EXTRA_COMPILER_FLAGS=-mcpu=cortex-a9 -mfpu=vfpv3 -mfloat-abi=hard -nostartfiles -g -Wall -Wextra"
"Compiling ddrps"
"Running Make libs in ps7_cortexa9_0/libsrc/devcfg_v3_5/src"
make -C ps7_cortexa9_0/libsrc/devcfg_v3_5/src -s libs  "SHELL=CMD" "COMPILER=arm-none-eabi-gcc" "ARCHIVER=arm-none-eabi-ar" "COMPILER_FLAGS=  -O2 -c" "EXTRA_COMPILER_FLAGS=-mcpu=cortex-a9 -mfpu=vfpv3 -mfloat-abi=hard -nostartfiles -g -Wall -Wextra"
"Compiling devcfg"
"Running Make libs in ps7_cortexa9_0/libsrc/dmaps_v2_4/src"
make -C ps7_cortexa9_0/libsrc/dmaps_v2_4/src -s libs  "SHELL=CMD" "COMPILER=arm-none-eabi-gcc" "ARCHIVER=arm-none-eabi-ar" "COMPILER_FLAGS=  -O2 -c" "EXTRA_COMPILER_FLAGS=-mcpu=cortex-a9 -mfpu=vfpv3 -mfloat-abi=hard -nostartfiles -g -Wall -Wextra"
"Compiling dmaps"
"Running Make libs in ps7_cortexa9_0/libsrc/emacps_v3_8/src"
make -C ps7_cortexa9_0/libsrc/emacps_v3_8/src -s libs  "SHELL=CMD" "COMPILER=arm-none-eabi-gcc" "ARCHIVER=arm-none-eabi-ar" "COMPILER_FLAGS=  -O2 -c" "EXTRA_COMPILER_FLAGS=-mcpu=cortex-a9 -mfpu=vfpv3 -mfloat-abi=hard -nostartfiles -g -Wall -Wextra"
"Compiling emacps"
"Running Make libs in ps7_cortexa9_0/libsrc/gpio_v4_3/src"
make -C ps7_cortexa9_0/libsrc/gpio_v4_3/src -s libs  "SHELL=CMD" "COMPILER=arm-none-eabi-gcc" "ARCHIVER=arm-none-eabi-ar" "COMPILER_FLAGS=  -O2 -c" "EXTRA_COMPILER_FLAGS=-mcpu=cortex-a9 -mfpu=vfpv3 -mfloat-abi=hard -nostartfiles -g -Wall -Wextra"
"Compiling gpio"
"Running Make libs in ps7_cortexa9_0/libsrc/qspips_v3_5/src"
make -C ps7_cortexa9_0/libsrc/qspips_v3_5/src -s libs  "SHELL=CMD" "COMPILER=arm-none-eabi-gcc" "ARCHIVER=arm-none-eabi-ar" "COMPILER_FLAGS=  -O2 -c" "EXTRA_COMPILER_FLAGS=-mcpu=cortex-a9 -mfpu=vfpv3 -mfloat-abi=hard -nostartfiles -g -Wall -Wextra"
"Compiling qspips"
"Running Make libs in ps7_cortexa9_0/libsrc/scugic_v3_10/src"
make -C ps7_cortexa9_0/libsrc/scugic_v3_10/src -s libs  "SHELL=CMD" "COMPILER=arm-none-eabi-gcc" "ARCHIVER=arm-none-eabi-ar" "COMPILER_FLAGS=  -O2 -c" "EXTRA_COMPILER_FLAGS=-mcpu=cortex-a9 -mfpu=vfpv3 -mfloat-abi=hard -nostartfiles -g -Wall -Wextra"
"Compiling scugic"
"Running Make libs in ps7_cortexa9_0/libsrc/scutimer_v2_1/src"
make -C ps7_cortexa9_0/libsrc/scutimer_v2_1/src -s libs  "SHELL=CMD" "COMPILER=arm-none-eabi-gcc" "ARCHIVER=arm-none-eabi-ar" "COMPILER_FLAGS=  -O2 -c" "EXTRA_COMPILER_FLAGS=-mcpu=cortex-a9 -mfpu=vfpv3 -mfloat-abi=hard -nostartfiles -g -Wall -Wextra"
"Compiling scutimer"
"Running Make libs in ps7_cortexa9_0/libsrc/scuwdt_v2_1/src"
make -C ps7_cortexa9_0/libsrc/scuwdt_v2_1/src -s libs  "SHELL=CMD" "COMPILER=arm-none-eabi-gcc" "ARCHIVER=arm-none-eabi-ar" "COMPILER_FLAGS=  -O2 -c" "EXTRA_COMPILER_FLAGS=-mcpu=cortex-a9 -mfpu=vfpv3 -mfloat-abi=hard -nostartfiles -g -Wall -Wextra"
"Compiling scuwdt"
"Running Make libs in ps7_cortexa9_0/libsrc/sdps_v3_6/src"
make -C ps7_cortexa9_0/libsrc/sdps_v3_6/src -s libs  "SHELL=CMD" "COMPILER=arm-none-eabi-gcc" "ARCHIVER=arm-none-eabi-ar" "COMPILER_FLAGS=  -O2 -c" "EXTRA_COMPILER_FLAGS=-mcpu=cortex-a9 -mfpu=vfpv3 -mfloat-abi=hard -nostartfiles -g -Wall -Wextra"
"Compiling sdps"
"Running Make libs in ps7_cortexa9_0/libsrc/standalone_v6_8/src"
make -C ps7_cortexa9_0/libsrc/standalone_v6_8/src -s libs  "SHELL=CMD" "COMPILER=arm-none-eabi-gcc" "ARCHIVER=arm-none-eabi-ar" "COMPILER_FLAGS=  -O2 -c" "EXTRA_COMPILER_FLAGS=-mcpu=cortex-a9 -mfpu=vfpv3 -mfloat-abi=hard -nostartfiles -g -Wall -Wextra"
"Compiling standalone"
In file included from usleep.c:56:0:
xtime_l.h:87:9: note: #pragma message: For the sleep routines, Global timer is being used
 #pragma message ("For the sleep routines, Global timer is being used")
         ^~~~~~~
In file included from sleep.c:53:0:
xtime_l.h:87:9: note: #pragma message: For the sleep routines, Global timer is being used
 #pragma message ("For the sleep routines, Global timer is being used")
         ^~~~~~~
In file included from xil_sleeptimer.c:51:0:
xtime_l.h:87:9: note: #pragma message: For the sleep routines, Global timer is being used
 #pragma message ("For the sleep routines, Global timer is being used")
         ^~~~~~~
In file included from xtime_l.c:49:0:
xtime_l.h:87:9: note: #pragma message: For the sleep routines, Global timer is being used
 #pragma message ("For the sleep routines, Global timer is being used")
         ^~~~~~~
"Running Make libs in ps7_cortexa9_0/libsrc/uartps_v3_7/src"
make -C ps7_cortexa9_0/libsrc/uartps_v3_7/src -s libs  "SHELL=CMD" "COMPILER=arm-none-eabi-gcc" "ARCHIVER=arm-none-eabi-ar" "COMPILER_FLAGS=  -O2 -c" "EXTRA_COMPILER_FLAGS=-mcpu=cortex-a9 -mfpu=vfpv3 -mfloat-abi=hard -nostartfiles -g -Wall -Wextra"
"Compiling uartps"
"Running Make libs in ps7_cortexa9_0/libsrc/usbps_v2_4/src"
make -C ps7_cortexa9_0/libsrc/usbps_v2_4/src -s libs  "SHELL=CMD" "COMPILER=arm-none-eabi-gcc" "ARCHIVER=arm-none-eabi-ar" "COMPILER_FLAGS=  -O2 -c" "EXTRA_COMPILER_FLAGS=-mcpu=cortex-a9 -mfpu=vfpv3 -mfloat-abi=hard -nostartfiles -g -Wall -Wextra"
"Compiling usbps"
"Running Make libs in ps7_cortexa9_0/libsrc/wdtps_v3_1/src"
make -C ps7_cortexa9_0/libsrc/wdtps_v3_1/src -s libs  "SHELL=CMD" "COMPILER=arm-none-eabi-gcc" "ARCHIVER=arm-none-eabi-ar" "COMPILER_FLAGS=  -O2 -c" "EXTRA_COMPILER_FLAGS=-mcpu=cortex-a9 -mfpu=vfpv3 -mfloat-abi=hard -nostartfiles -g -Wall -Wextra"
"Compiling wdtps"
"Running Make libs in ps7_cortexa9_0/libsrc/xadcps_v2_3/src"
make -C ps7_cortexa9_0/libsrc/xadcps_v2_3/src -s libs  "SHELL=CMD" "COMPILER=arm-none-eabi-gcc" "ARCHIVER=arm-none-eabi-ar" "COMPILER_FLAGS=  -O2 -c" "EXTRA_COMPILER_FLAGS=-mcpu=cortex-a9 -mfpu=vfpv3 -mfloat-abi=hard -nostartfiles -g -Wall -Wextra"
"Compiling xadcps"
'Finished building libraries'
12:41:44 **** Build of configuration Debug for project Final ****
make pre-build main-build 
a9-linaro-pre-build-step
' '
'Building file: ../src/main.cc'
'Invoking: ARM v7 g++ compiler'
arm-none-eabi-g++ -Wall -O0 -g3 -I../../Final_bsp/ps7_cortexa9_0/include -I"C:\Users\user\Desktop\20240105Final\Final.sdk\Final\src" -c -fmessage-length=0 -MT"src/main.o" -mcpu=cortex-a9 -mfpu=vfpv3 -mfloat-abi=hard -MMD -MP -MF"src/main.d" -MT"src/main.o" -o "src/main.o" "../src/main.cc"
'Finished building: ../src/main.cc'
' '
'Building target: Final.elf'
'Invoking: ARM v7 g++ linker'
arm-none-eabi-g++ -mcpu=cortex-a9 -mfpu=vfpv3 -mfloat-abi=hard -Wl,-build-id=none -specs=Xilinx.spec -Wl,-T -Wl,../src/lscript.ld -L../../Final_bsp/ps7_cortexa9_0/lib -o "Final.elf"  ./src/main.o   -Wl,--start-group,-lxil,-lgcc,-lc,-lstdc++,--end-group
'Finished building target: Final.elf'
' '
'Invoking: ARM v7 Print Size'
arm-none-eabi-size Final.elf  |tee "Final.elf.size"
   text	   data	    bss	    dec	    hex	filename
  85476	   3376	  23472	 112324	  1b6c4	Final.elf
'Finished building: Final.elf.size'
' '
12:43:09 **** Incremental Build of configuration Debug for project Final ****
make pre-build main-build 
a9-linaro-pre-build-step
' '
'Building file: ../src/main.cc'
'Invoking: ARM v7 g++ compiler'
arm-none-eabi-g++ -Wall -O0 -g3 -I../../Final_bsp/ps7_cortexa9_0/include -I"C:\Users\user\Desktop\20240105Final\Final.sdk\Final\src" -c -fmessage-length=0 -MT"src/main.o" -mcpu=cortex-a9 -mfpu=vfpv3 -mfloat-abi=hard -MMD -MP -MF"src/main.d" -MT"src/main.o" -o "src/main.o" "../src/main.cc"
'Finished building: ../src/main.cc'
' '
'Building target: Final.elf'
'Invoking: ARM v7 g++ linker'
arm-none-eabi-g++ -mcpu=cortex-a9 -mfpu=vfpv3 -mfloat-abi=hard -Wl,-build-id=none -specs=Xilinx.spec -Wl,-T -Wl,../src/lscript.ld -L../../Final_bsp/ps7_cortexa9_0/lib -o "Final.elf"  ./src/main.o   -Wl,--start-group,-lxil,-lgcc,-lc,-lstdc++,--end-group
'Finished building target: Final.elf'
' '
'Invoking: ARM v7 Print Size'
arm-none-eabi-size Final.elf  |tee "Final.elf.size"
   text	   data	    bss	    dec	    hex	filename
  85476	   3376	  23472	 112324	  1b6c4	Final.elf
'Finished building: Final.elf.size'
' '
12:43:28 **** Auto Build of configuration Debug for project Final ****
make pre-build main-build 
a9-linaro-pre-build-step
' '
'Building file: ../src/main.cc'
'Invoking: ARM v7 g++ compiler'
arm-none-eabi-g++ -Wall -O0 -g3 -I../../Final_bsp/ps7_cortexa9_0/include -I"C:\Users\user\Desktop\20240105Final\Final.sdk\Final\src" -c -fmessage-length=0 -MT"src/main.o" -mcpu=cortex-a9 -mfpu=vfpv3 -mfloat-abi=hard -MMD -MP -MF"src/main.d" -MT"src/main.o" -o "src/main.o" "../src/main.cc"
'Finished building: ../src/main.cc'
' '
'Building target: Final.elf'
'Invoking: ARM v7 g++ linker'
arm-none-eabi-g++ -mcpu=cortex-a9 -mfpu=vfpv3 -mfloat-abi=hard -Wl,-build-id=none -specs=Xilinx.spec -Wl,-T -Wl,../src/lscript.ld -L../../Final_bsp/ps7_cortexa9_0/lib -o "Final.elf"  ./src/main.o   -Wl,--start-group,-lxil,-lgcc,-lc,-lstdc++,--end-group
'Finished building target: Final.elf'
' '
'Invoking: ARM v7 Print Size'
arm-none-eabi-size Final.elf  |tee "Final.elf.size"
   text	   data	    bss	    dec	    hex	filename
  85476	   3376	  23472	 112324	  1b6c4	Final.elf
'Finished building: Final.elf.size'
' '
12:43:31 **** Incremental Build of configuration Debug for project Final ****
make pre-build main-build 
a9-linaro-pre-build-step
' '
make: Nothing to be done for 'main-build'.
12:45:16 **** Auto Build of configuration Debug for project Final ****
make pre-build main-build 
a9-linaro-pre-build-step
' '
'Building file: ../src/main.cc'
'Invoking: ARM v7 g++ compiler'
arm-none-eabi-g++ -Wall -O0 -g3 -I../../Final_bsp/ps7_cortexa9_0/include -I"C:\Users\user\Desktop\20240105Final\Final.sdk\Final\src" -c -fmessage-length=0 -MT"src/main.o" -mcpu=cortex-a9 -mfpu=vfpv3 -mfloat-abi=hard -MMD -MP -MF"src/main.d" -MT"src/main.o" -o "src/main.o" "../src/main.cc"
'Finished building: ../src/main.cc'
' '
'Building target: Final.elf'
'Invoking: ARM v7 g++ linker'
arm-none-eabi-g++ -mcpu=cortex-a9 -mfpu=vfpv3 -mfloat-abi=hard -Wl,-build-id=none -specs=Xilinx.spec -Wl,-T -Wl,../src/lscript.ld -L../../Final_bsp/ps7_cortexa9_0/lib -o "Final.elf"  ./src/main.o   -Wl,--start-group,-lxil,-lgcc,-lc,-lstdc++,--end-group
'Finished building target: Final.elf'
' '
'Invoking: ARM v7 Print Size'
arm-none-eabi-size Final.elf  |tee "Final.elf.size"
   text	   data	    bss	    dec	    hex	filename
  85532	   3376	  23488	 112396	  1b70c	Final.elf
'Finished building: Final.elf.size'
' '
12:47:28 **** Auto Build of configuration Debug for project Final ****
make pre-build main-build 
a9-linaro-pre-build-step
' '
'Building file: ../src/main.cc'
'Invoking: ARM v7 g++ compiler'
arm-none-eabi-g++ -Wall -O0 -g3 -I../../Final_bsp/ps7_cortexa9_0/include -I"C:\Users\user\Desktop\20240105Final\Final.sdk\Final\src" -c -fmessage-length=0 -MT"src/main.o" -mcpu=cortex-a9 -mfpu=vfpv3 -mfloat-abi=hard -MMD -MP -MF"src/main.d" -MT"src/main.o" -o "src/main.o" "../src/main.cc"
'Finished building: ../src/main.cc'
' '
'Building target: Final.elf'
'Invoking: ARM v7 g++ linker'
arm-none-eabi-g++ -mcpu=cortex-a9 -mfpu=vfpv3 -mfloat-abi=hard -Wl,-build-id=none -specs=Xilinx.spec -Wl,-T -Wl,../src/lscript.ld -L../../Final_bsp/ps7_cortexa9_0/lib -o "Final.elf"  ./src/main.o   -Wl,--start-group,-lxil,-lgcc,-lc,-lstdc++,--end-group
'Finished building target: Final.elf'
' '
'Invoking: ARM v7 Print Size'
arm-none-eabi-size Final.elf  |tee "Final.elf.size"
   text	   data	    bss	    dec	    hex	filename
  85676	   3376	  23488	 112540	  1b79c	Final.elf
'Finished building: Final.elf.size'
' '
12:47:41 **** Auto Build of configuration Debug for project Final ****
make pre-build main-build 
a9-linaro-pre-build-step
' '
'Building file: ../src/main.cc'
'Invoking: ARM v7 g++ compiler'
arm-none-eabi-g++ -Wall -O0 -g3 -I../../Final_bsp/ps7_cortexa9_0/include -I"C:\Users\user\Desktop\20240105Final\Final.sdk\Final\src" -c -fmessage-length=0 -MT"src/main.o" -mcpu=cortex-a9 -mfpu=vfpv3 -mfloat-abi=hard -MMD -MP -MF"src/main.d" -MT"src/main.o" -o "src/main.o" "../src/main.cc"
'Finished building: ../src/main.cc'
' '
'Building target: Final.elf'
'Invoking: ARM v7 g++ linker'
arm-none-eabi-g++ -mcpu=cortex-a9 -mfpu=vfpv3 -mfloat-abi=hard -Wl,-build-id=none -specs=Xilinx.spec -Wl,-T -Wl,../src/lscript.ld -L../../Final_bsp/ps7_cortexa9_0/lib -o "Final.elf"  ./src/main.o   -Wl,--start-group,-lxil,-lgcc,-lc,-lstdc++,--end-group
'Finished building target: Final.elf'
' '
'Invoking: ARM v7 Print Size'
arm-none-eabi-size Final.elf  |tee "Final.elf.size"
   text	   data	    bss	    dec	    hex	filename
  85692	   3376	  23488	 112556	  1b7ac	Final.elf
'Finished building: Final.elf.size'
' '
12:47:49 **** Auto Build of configuration Debug for project Final ****
make pre-build main-build 
a9-linaro-pre-build-step
' '
'Building file: ../src/main.cc'
'Invoking: ARM v7 g++ compiler'
arm-none-eabi-g++ -Wall -O0 -g3 -I../../Final_bsp/ps7_cortexa9_0/include -I"C:\Users\user\Desktop\20240105Final\Final.sdk\Final\src" -c -fmessage-length=0 -MT"src/main.o" -mcpu=cortex-a9 -mfpu=vfpv3 -mfloat-abi=hard -MMD -MP -MF"src/main.d" -MT"src/main.o" -o "src/main.o" "../src/main.cc"
'Finished building: ../src/main.cc'
' '
'Building target: Final.elf'
'Invoking: ARM v7 g++ linker'
arm-none-eabi-g++ -mcpu=cortex-a9 -mfpu=vfpv3 -mfloat-abi=hard -Wl,-build-id=none -specs=Xilinx.spec -Wl,-T -Wl,../src/lscript.ld -L../../Final_bsp/ps7_cortexa9_0/lib -o "Final.elf"  ./src/main.o   -Wl,--start-group,-lxil,-lgcc,-lc,-lstdc++,--end-group
'Finished building target: Final.elf'
' '
'Invoking: ARM v7 Print Size'
arm-none-eabi-size Final.elf  |tee "Final.elf.size"
   text	   data	    bss	    dec	    hex	filename
  85692	   3376	  23488	 112556	  1b7ac	Final.elf
'Finished building: Final.elf.size'
' '
12:48:25 **** Auto Build of configuration Debug for project Final ****
make pre-build main-build 
a9-linaro-pre-build-step
' '
'Building file: ../src/main.cc'
'Invoking: ARM v7 g++ compiler'
arm-none-eabi-g++ -Wall -O0 -g3 -I../../Final_bsp/ps7_cortexa9_0/include -I"C:\Users\user\Desktop\20240105Final\Final.sdk\Final\src" -c -fmessage-length=0 -MT"src/main.o" -mcpu=cortex-a9 -mfpu=vfpv3 -mfloat-abi=hard -MMD -MP -MF"src/main.d" -MT"src/main.o" -o "src/main.o" "../src/main.cc"
'Finished building: ../src/main.cc'
' '
'Building target: Final.elf'
'Invoking: ARM v7 g++ linker'
arm-none-eabi-g++ -mcpu=cortex-a9 -mfpu=vfpv3 -mfloat-abi=hard -Wl,-build-id=none -specs=Xilinx.spec -Wl,-T -Wl,../src/lscript.ld -L../../Final_bsp/ps7_cortexa9_0/lib -o "Final.elf"  ./src/main.o   -Wl,--start-group,-lxil,-lgcc,-lc,-lstdc++,--end-group
'Finished building target: Final.elf'
' '
'Invoking: ARM v7 Print Size'
arm-none-eabi-size Final.elf  |tee "Final.elf.size"
   text	   data	    bss	    dec	    hex	filename
  85692	   3376	  23488	 112556	  1b7ac	Final.elf
'Finished building: Final.elf.size'
' '
12:48:28 **** Incremental Build of configuration Debug for project Final ****
make pre-build main-build 
a9-linaro-pre-build-step
' '
make: Nothing to be done for 'main-build'.
12:51:32 **** Auto Build of configuration Debug for project Final ****
make pre-build main-build 
a9-linaro-pre-build-step
' '
'Building file: ../src/main.cc'
'Invoking: ARM v7 g++ compiler'
arm-none-eabi-g++ -Wall -O0 -g3 -I../../Final_bsp/ps7_cortexa9_0/include -I"C:\Users\user\Desktop\20240105Final\Final.sdk\Final\src" -c -fmessage-length=0 -MT"src/main.o" -mcpu=cortex-a9 -mfpu=vfpv3 -mfloat-abi=hard -MMD -MP -MF"src/main.d" -MT"src/main.o" -o "src/main.o" "../src/main.cc"
'Finished building: ../src/main.cc'
' '
'Building target: Final.elf'
'Invoking: ARM v7 g++ linker'
arm-none-eabi-g++ -mcpu=cortex-a9 -mfpu=vfpv3 -mfloat-abi=hard -Wl,-build-id=none -specs=Xilinx.spec -Wl,-T -Wl,../src/lscript.ld -L../../Final_bsp/ps7_cortexa9_0/lib -o "Final.elf"  ./src/main.o   -Wl,--start-group,-lxil,-lgcc,-lc,-lstdc++,--end-group
'Finished building target: Final.elf'
' '
'Invoking: ARM v7 Print Size'
arm-none-eabi-size Final.elf  |tee "Final.elf.size"
   text	   data	    bss	    dec	    hex	filename
  85692	   3376	  23488	 112556	  1b7ac	Final.elf
'Finished building: Final.elf.size'
' '
12:51:37 **** Incremental Build of configuration Debug for project Final ****
make pre-build main-build 
a9-linaro-pre-build-step
' '
make: Nothing to be done for 'main-build'.
